Nov 07 21:59:06 LAPTOP-THASAN systemd[331]: Queued start job for default target default.target.
Nov 07 21:59:06 LAPTOP-THASAN systemd[331]: Created slice app.slice - User Application Slice.
Nov 07 21:59:06 LAPTOP-THASAN systemd[331]: Started launchpadlib-cache-clean.timer - Clean up old files in the Launchpadlib cache.
Nov 07 21:59:06 LAPTOP-THASAN systemd[331]: Reached target paths.target - Paths.
Nov 07 21:59:06 LAPTOP-THASAN systemd[331]: Reached target timers.target - Timers.
Nov 07 21:59:06 LAPTOP-THASAN systemd[331]: Starting dbus.socket - D-Bus User Message Bus Socket...
Nov 07 21:59:06 LAPTOP-THASAN systemd[331]: Listening on dirmngr.socket - GnuPG network certificate management daemon.
Nov 07 21:59:06 LAPTOP-THASAN systemd[331]: Listening on gpg-agent-browser.socket - GnuPG cryptographic agent and passphrase cache (access for web browsers).
Nov 07 21:59:06 LAPTOP-THASAN systemd[331]: Listening on gpg-agent-extra.socket - GnuPG cryptographic agent and passphrase cache (restricted).
Nov 07 21:59:06 LAPTOP-THASAN systemd[331]: Starting gpg-agent-ssh.socket - GnuPG cryptographic agent (ssh-agent emulation)...
Nov 07 21:59:06 LAPTOP-THASAN systemd[331]: Listening on gpg-agent.socket - GnuPG cryptographic agent and passphrase cache.
Nov 07 21:59:06 LAPTOP-THASAN systemd[331]: Listening on keyboxd.socket - GnuPG public key management service.
Nov 07 21:59:06 LAPTOP-THASAN systemd[331]: Listening on pk-debconf-helper.socket - debconf communication socket.
Nov 07 21:59:06 LAPTOP-THASAN systemd[331]: Listening on snapd.session-agent.socket - REST API socket for snapd user session agent.
Nov 07 21:59:06 LAPTOP-THASAN systemd[331]: Starting wslg-session.service - WSLg user service...
Nov 07 21:59:06 LAPTOP-THASAN systemd[331]: Listening on dbus.socket - D-Bus User Message Bus Socket.
Nov 07 21:59:06 LAPTOP-THASAN systemd[331]: Listening on gpg-agent-ssh.socket - GnuPG cryptographic agent (ssh-agent emulation).
Nov 07 21:59:06 LAPTOP-THASAN systemd[331]: Reached target sockets.target - Sockets.
Nov 07 21:59:06 LAPTOP-THASAN systemd[331]: Reached target basic.target - Basic System.
Nov 07 21:59:06 LAPTOP-THASAN systemd[331]: Reached target default.target - Main User Target.
Nov 07 21:59:06 LAPTOP-THASAN systemd[331]: Finished wslg-session.service - WSLg user service.
Nov 07 21:59:06 LAPTOP-THASAN systemd[331]: Startup finished in 133ms.
Nov 07 22:04:52 LAPTOP-THASAN systemd[331]: launchpadlib-cache-clean.service - Clean up old files in the Launchpadlib cache was skipped because of an unmet condition check (ConditionPathExists=/home/thasa/.launchpadlib/api.launchpad.net/cache).
Nov 07 22:15:29 LAPTOP-THASAN sudo[545]:    thasa : TTY=pts/0 ; PWD=/home/thasa/Missing-Semester/Lecture1 ; USER=root ; COMMAND=/usr/bin/apt install micro
Nov 07 22:15:29 LAPTOP-THASAN sudo[545]: pam_unix(sudo:session): session opened for user root(uid=0) by (uid=1000)
Nov 07 22:15:33 LAPTOP-THASAN sudo[545]: pam_unix(sudo:session): session closed for user root
Nov 07 22:21:45 LAPTOP-THASAN sudo[769]:    thasa : TTY=pts/0 ; PWD=/home/thasa/Missing-Semester/Lecture1 ; USER=root ; COMMAND=/usr/bin/apt install tldr
Nov 07 22:21:45 LAPTOP-THASAN sudo[769]: pam_unix(sudo:session): session opened for user root(uid=0) by (uid=1000)
Nov 07 22:21:49 LAPTOP-THASAN sudo[769]: pam_unix(sudo:session): session closed for user root
-- Boot 45f9c13022e24104bd952b334568a4c6 --
Nov 11 19:29:00 LAPTOP-THASAN kernel: Linux version 6.6.87.2-microsoft-standard-WSL2 (root@439a258ad544) (gcc (GCC) 11.2.0, GNU ld (GNU Binutils) 2.37) #1 SMP PREEMPT_DYNAMIC Thu Jun  5 18:30:46 UTC 2025
Nov 11 19:29:00 LAPTOP-THASAN kernel: Command line: initrd=\initrd.img WSL_ROOT_INIT=1 panic=-1 nr_cpus=8 hv_utils.timesync_implicit=1 console=hvc0 debug pty.legacy_count=0 WSL_ENABLE_CRASH_DUMP=1
Nov 11 19:29:00 LAPTOP-THASAN kernel: KERNEL supported cpus:
Nov 11 19:29:00 LAPTOP-THASAN kernel:   Intel GenuineIntel
Nov 11 19:29:00 LAPTOP-THASAN kernel:   AMD AuthenticAMD
Nov 11 19:29:00 LAPTOP-THASAN kernel: BIOS-provided physical RAM map:
Nov 11 19:29:00 LAPTOP-THASAN kernel: BIOS-e820: [mem 0x0000000000000000-0x000000000009ffff] usable
Nov 11 19:29:00 LAPTOP-THASAN kernel: BIOS-e820: [mem 0x00000000000e0000-0x00000000000e0fff] reserved
Nov 11 19:29:00 LAPTOP-THASAN kernel: BIOS-e820: [mem 0x0000000000100000-0x00000000001fffff] ACPI data
Nov 11 19:29:00 LAPTOP-THASAN kernel: BIOS-e820: [mem 0x0000000000200000-0x00000000f7ffffff] usable
Nov 11 19:29:00 LAPTOP-THASAN kernel: BIOS-e820: [mem 0x0000000100000000-0x00000001fcbfffff] usable
Nov 11 19:29:00 LAPTOP-THASAN kernel: NX (Execute Disable) protection: active
Nov 11 19:29:00 LAPTOP-THASAN kernel: APIC: Static calls initialized
Nov 11 19:29:00 LAPTOP-THASAN kernel: DMI not present or invalid.
Nov 11 19:29:00 LAPTOP-THASAN kernel: Hypervisor detected: Microsoft Hyper-V
Nov 11 19:29:00 LAPTOP-THASAN kernel: Hyper-V: privilege flags low 0xae7f, high 0x3b8030, hints 0x9a4e24, misc 0xe4bed7b6
Nov 11 19:29:00 LAPTOP-THASAN kernel: Hyper-V: Nested features: 0x3e0101
Nov 11 19:29:00 LAPTOP-THASAN kernel: Hyper-V: LAPIC Timer Frequency: 0xc3500
Nov 11 19:29:00 LAPTOP-THASAN kernel: Hyper-V: Using hypercall for remote TLB flush
Nov 11 19:29:00 LAPTOP-THASAN kernel: clocksource: hyperv_clocksource_tsc_page: mask: 0xffffffffffffffff max_cycles: 0x24e6a1710, max_idle_ns: 440795202120 ns
Nov 11 19:29:00 LAPTOP-THASAN kernel: clocksource: hyperv_clocksource_msr: mask: 0xffffffffffffffff max_cycles: 0x24e6a1710, max_idle_ns: 440795202120 ns
Nov 11 19:29:00 LAPTOP-THASAN kernel: tsc: Detected 2419.199 MHz processor
Nov 11 19:29:00 LAPTOP-THASAN kernel: e820: update [mem 0x00000000-0x00000fff] usable ==> reserved
Nov 11 19:29:00 LAPTOP-THASAN kernel: e820: remove [mem 0x000a0000-0x000fffff] usable
Nov 11 19:29:00 LAPTOP-THASAN kernel: last_pfn = 0x1fcc00 max_arch_pfn = 0x400000000
Nov 11 19:29:00 LAPTOP-THASAN kernel: MTRR map: 5 entries (4 fixed + 1 variable; max 20), built from 8 variable MTRRs
Nov 11 19:29:00 LAPTOP-THASAN kernel: x86/PAT: Configuration [0-7]: WB  WC  UC- UC  WB  WP  UC- WT  
Nov 11 19:29:00 LAPTOP-THASAN kernel: last_pfn = 0xf8000 max_arch_pfn = 0x400000000
Nov 11 19:29:00 LAPTOP-THASAN kernel: Using GB pages for direct mapping
Nov 11 19:29:00 LAPTOP-THASAN kernel: RAMDISK: [mem 0x04be4000-0x04e7ffff]
Nov 11 19:29:00 LAPTOP-THASAN kernel: ACPI: Early table checksum verification disabled
Nov 11 19:29:00 LAPTOP-THASAN kernel: ACPI: RSDP 0x00000000000E0000 000024 (v02 VRTUAL)
Nov 11 19:29:00 LAPTOP-THASAN kernel: ACPI: XSDT 0x0000000000100000 000044 (v01 VRTUAL MICROSFT 00000001 MSFT 00000001)
Nov 11 19:29:00 LAPTOP-THASAN kernel: ACPI: FACP 0x0000000000101000 000114 (v06 VRTUAL MICROSFT 00000001 MSFT 00000001)
Nov 11 19:29:00 LAPTOP-THASAN kernel: ACPI: DSDT 0x00000000001011B8 01E11C (v02 MSFTVM DSDT01   00000001 INTL 20230628)
Nov 11 19:29:00 LAPTOP-THASAN kernel: ACPI: FACS 0x0000000000101114 000040
Nov 11 19:29:00 LAPTOP-THASAN kernel: ACPI: OEM0 0x0000000000101154 000064 (v01 VRTUAL MICROSFT 00000001 MSFT 00000001)
Nov 11 19:29:00 LAPTOP-THASAN kernel: ACPI: SRAT 0x000000000011F2D4 000330 (v02 VRTUAL MICROSFT 00000001 MSFT 00000001)
Nov 11 19:29:00 LAPTOP-THASAN kernel: ACPI: APIC 0x000000000011F604 000088 (v04 VRTUAL MICROSFT 00000001 MSFT 00000001)
Nov 11 19:29:00 LAPTOP-THASAN kernel: ACPI: Reserving FACP table memory at [mem 0x101000-0x101113]
Nov 11 19:29:00 LAPTOP-THASAN kernel: ACPI: Reserving DSDT table memory at [mem 0x1011b8-0x11f2d3]
Nov 11 19:29:00 LAPTOP-THASAN kernel: ACPI: Reserving FACS table memory at [mem 0x101114-0x101153]
Nov 11 19:29:00 LAPTOP-THASAN kernel: ACPI: Reserving OEM0 table memory at [mem 0x101154-0x1011b7]
Nov 11 19:29:00 LAPTOP-THASAN kernel: ACPI: Reserving SRAT table memory at [mem 0x11f2d4-0x11f603]
Nov 11 19:29:00 LAPTOP-THASAN kernel: ACPI: Reserving APIC table memory at [mem 0x11f604-0x11f68b]
Nov 11 19:29:00 LAPTOP-THASAN kernel: SRAT: PXM 0 -> APIC 0x00 -> Node 0
Nov 11 19:29:00 LAPTOP-THASAN kernel: SRAT: PXM 0 -> APIC 0x01 -> Node 0
Nov 11 19:29:00 LAPTOP-THASAN kernel: SRAT: PXM 0 -> APIC 0x02 -> Node 0
Nov 11 19:29:00 LAPTOP-THASAN kernel: SRAT: PXM 0 -> APIC 0x03 -> Node 0
Nov 11 19:29:00 LAPTOP-THASAN kernel: SRAT: PXM 0 -> APIC 0x04 -> Node 0
Nov 11 19:29:00 LAPTOP-THASAN kernel: SRAT: PXM 0 -> APIC 0x05 -> Node 0
Nov 11 19:29:00 LAPTOP-THASAN kernel: SRAT: PXM 0 -> APIC 0x06 -> Node 0
Nov 11 19:29:00 LAPTOP-THASAN kernel: SRAT: PXM 0 -> APIC 0x07 -> Node 0
Nov 11 19:29:00 LAPTOP-THASAN kernel: ACPI: SRAT: Node 0 PXM 0 [mem 0x00000000-0xf7ffffff] hotplug
Nov 11 19:29:00 LAPTOP-THASAN kernel: ACPI: SRAT: Node 0 PXM 0 [mem 0x100000000-0x1fcbfffff] hotplug
Nov 11 19:29:00 LAPTOP-THASAN kernel: ACPI: SRAT: Node 0 PXM 0 [mem 0x1fcc00000-0x9ffdfffff] hotplug
Nov 11 19:29:00 LAPTOP-THASAN kernel: ACPI: SRAT: Node 0 PXM 0 [mem 0x1000000000-0xffffffffff] hotplug
Nov 11 19:29:00 LAPTOP-THASAN kernel: ACPI: SRAT: Node 0 PXM 0 [mem 0x10000000000-0x1ffffffffff] hotplug
Nov 11 19:29:00 LAPTOP-THASAN kernel: ACPI: SRAT: Node 0 PXM 0 [mem 0x20000000000-0x3ffffffffff] hotplug
Nov 11 19:29:00 LAPTOP-THASAN kernel: ACPI: SRAT: Node 0 PXM 0 [mem 0x40000000000-0x7ffffffffff] hotplug
Nov 11 19:29:00 LAPTOP-THASAN kernel: ACPI: SRAT: Node 0 PXM 0 [mem 0x80000000000-0xfffffffffff] hotplug
Nov 11 19:29:00 LAPTOP-THASAN kernel: ACPI: SRAT: Node 0 PXM 0 [mem 0x100000000000-0x1fffffffffff] hotplug
Nov 11 19:29:00 LAPTOP-THASAN kernel: ACPI: SRAT: Node 0 PXM 0 [mem 0x200000000000-0x3fffffffffff] hotplug
Nov 11 19:29:00 LAPTOP-THASAN kernel: ACPI: SRAT: Node 0 PXM 0 [mem 0x400000000000-0x7fffffffffff] hotplug
Nov 11 19:29:00 LAPTOP-THASAN kernel: ACPI: SRAT: Node 0 PXM 0 [mem 0x800000000000-0xffffffffffff] hotplug
Nov 11 19:29:00 LAPTOP-THASAN kernel: ACPI: SRAT: Node 0 PXM 0 [mem 0x1000000000000-0x1ffffffffffff] hotplug
Nov 11 19:29:00 LAPTOP-THASAN kernel: ACPI: SRAT: Node 0 PXM 0 [mem 0x2000000000000-0x3ffffffffffff] hotplug
Nov 11 19:29:00 LAPTOP-THASAN kernel: ACPI: SRAT: Node 0 PXM 0 [mem 0x4000000000000-0x7ffffffffffff] hotplug
Nov 11 19:29:00 LAPTOP-THASAN kernel: ACPI: SRAT: Node 0 PXM 0 [mem 0x8000000000000-0xfffffffffffff] hotplug
Nov 11 19:29:00 LAPTOP-THASAN kernel: NUMA: Node 0 [mem 0x00000000-0xf7ffffff] + [mem 0x100000000-0x1fcbfffff] -> [mem 0x00000000-0x1fcbfffff]
Nov 11 19:29:00 LAPTOP-THASAN kernel: NODE_DATA(0) allocated [mem 0x1fcbde000-0x1fcbfffff]
Nov 11 19:29:00 LAPTOP-THASAN kernel: Zone ranges:
Nov 11 19:29:00 LAPTOP-THASAN kernel:   DMA32    [mem 0x0000000000001000-0x00000000ffffffff]
Nov 11 19:29:00 LAPTOP-THASAN kernel:   Normal   [mem 0x0000000100000000-0x00000001fcbfffff]
Nov 11 19:29:00 LAPTOP-THASAN kernel:   Device   empty
Nov 11 19:29:00 LAPTOP-THASAN kernel: Movable zone start for each node
Nov 11 19:29:00 LAPTOP-THASAN kernel: Early memory node ranges
Nov 11 19:29:00 LAPTOP-THASAN kernel:   node   0: [mem 0x0000000000001000-0x000000000009ffff]
Nov 11 19:29:00 LAPTOP-THASAN kernel:   node   0: [mem 0x0000000000200000-0x00000000f7ffffff]
Nov 11 19:29:00 LAPTOP-THASAN kernel:   node   0: [mem 0x0000000100000000-0x00000001fcbfffff]
Nov 11 19:29:00 LAPTOP-THASAN kernel: Initmem setup node 0 [mem 0x0000000000001000-0x00000001fcbfffff]
Nov 11 19:29:00 LAPTOP-THASAN kernel: On node 0, zone DMA32: 1 pages in unavailable ranges
Nov 11 19:29:00 LAPTOP-THASAN kernel: On node 0, zone DMA32: 352 pages in unavailable ranges
Nov 11 19:29:00 LAPTOP-THASAN kernel: On node 0, zone Normal: 13312 pages in unavailable ranges
Nov 11 19:29:00 LAPTOP-THASAN kernel: ACPI: PM-Timer IO Port: 0x408
Nov 11 19:29:00 LAPTOP-THASAN kernel: ACPI: LAPIC_NMI (acpi_id[0x01] dfl dfl lint[0x1])
Nov 11 19:29:00 LAPTOP-THASAN kernel: IOAPIC[0]: apic_id 8, version 17, address 0xfec00000, GSI 0-23
Nov 11 19:29:00 LAPTOP-THASAN kernel: ACPI: INT_SRC_OVR (bus 0 bus_irq 9 global_irq 9 high level)
Nov 11 19:29:00 LAPTOP-THASAN kernel: ACPI: Using ACPI (MADT) for SMP configuration information
Nov 11 19:29:00 LAPTOP-THASAN kernel: TSC deadline timer available
Nov 11 19:29:00 LAPTOP-THASAN kernel: smpboot: Allowing 8 CPUs, 0 hotplug CPUs
Nov 11 19:29:00 LAPTOP-THASAN kernel: PM: hibernation: Registered nosave memory: [mem 0x00000000-0x00000fff]
Nov 11 19:29:00 LAPTOP-THASAN kernel: PM: hibernation: Registered nosave memory: [mem 0x000a0000-0x000dffff]
Nov 11 19:29:00 LAPTOP-THASAN kernel: PM: hibernation: Registered nosave memory: [mem 0x000e0000-0x000e0fff]
Nov 11 19:29:00 LAPTOP-THASAN kernel: PM: hibernation: Registered nosave memory: [mem 0x000e1000-0x000fffff]
Nov 11 19:29:00 LAPTOP-THASAN kernel: PM: hibernation: Registered nosave memory: [mem 0x00100000-0x001fffff]
Nov 11 19:29:00 LAPTOP-THASAN kernel: PM: hibernation: Registered nosave memory: [mem 0xf8000000-0xffffffff]
Nov 11 19:29:00 LAPTOP-THASAN kernel: [mem 0xf8000000-0xffffffff] available for PCI devices
Nov 11 19:29:00 LAPTOP-THASAN kernel: Booting paravirtualized kernel on Hyper-V
Nov 11 19:29:00 LAPTOP-THASAN kernel: clocksource: refined-jiffies: mask: 0xffffffff max_cycles: 0xffffffff, max_idle_ns: 7645519600211568 ns
Nov 11 19:29:00 LAPTOP-THASAN kernel: setup_percpu: NR_CPUS:8192 nr_cpumask_bits:8 nr_cpu_ids:8 nr_node_ids:1
Nov 11 19:29:00 LAPTOP-THASAN kernel: percpu: Embedded 63 pages/cpu s221184 r8192 d28672 u262144
Nov 11 19:29:00 LAPTOP-THASAN kernel: pcpu-alloc: s221184 r8192 d28672 u262144 alloc=1*2097152
Nov 11 19:29:00 LAPTOP-THASAN kernel: pcpu-alloc: [0] 0 1 2 3 4 5 6 7 
Nov 11 19:29:00 LAPTOP-THASAN kernel: Hyper-V: PV spinlocks enabled
Nov 11 19:29:00 LAPTOP-THASAN kernel: PV qspinlock hash table entries: 256 (order: 0, 4096 bytes, linear)
Nov 11 19:29:00 LAPTOP-THASAN kernel: Kernel command line: initrd=\initrd.img WSL_ROOT_INIT=1 panic=-1 nr_cpus=8 hv_utils.timesync_implicit=1 console=hvc0 debug pty.legacy_count=0 WSL_ENABLE_CRASH_DUMP=1
Nov 11 19:29:00 LAPTOP-THASAN kernel: Unknown kernel command line parameters "WSL_ROOT_INIT=1 WSL_ENABLE_CRASH_DUMP=1", will be passed to user space.
Nov 11 19:29:00 LAPTOP-THASAN kernel: random: crng init done
Nov 11 19:29:00 LAPTOP-THASAN kernel: Dentry cache hash table entries: 1048576 (order: 11, 8388608 bytes, linear)
Nov 11 19:29:00 LAPTOP-THASAN kernel: Inode-cache hash table entries: 524288 (order: 10, 4194304 bytes, linear)
Nov 11 19:29:00 LAPTOP-THASAN kernel: Fallback order for Node 0: 0 
Nov 11 19:29:00 LAPTOP-THASAN kernel: Built 1 zonelists, mobility grouping on.  Total pages: 2018000
Nov 11 19:29:00 LAPTOP-THASAN kernel: Policy zone: Normal
Nov 11 19:29:00 LAPTOP-THASAN kernel: mem auto-init: stack:off, heap alloc:on, heap free:off
Nov 11 19:29:00 LAPTOP-THASAN kernel: software IO TLB: area num 8.
Nov 11 19:29:00 LAPTOP-THASAN kernel: Memory: 4123788K/8202876K available (20480K kernel code, 3457K rwdata, 13496K rodata, 4492K init, 6208K bss, 262392K reserved, 0K cma-reserved)
Nov 11 19:29:00 LAPTOP-THASAN kernel: SLUB: HWalign=64, Order=0-3, MinObjects=0, CPUs=8, Nodes=1
Nov 11 19:29:00 LAPTOP-THASAN kernel: ftrace: allocating 55808 entries in 218 pages
Nov 11 19:29:00 LAPTOP-THASAN kernel: ftrace: allocated 218 pages with 5 groups
Nov 11 19:29:00 LAPTOP-THASAN kernel: Dynamic Preempt: none
Nov 11 19:29:00 LAPTOP-THASAN kernel: rcu: Preemptible hierarchical RCU implementation.
Nov 11 19:29:00 LAPTOP-THASAN kernel: rcu:         RCU restricting CPUs from NR_CPUS=8192 to nr_cpu_ids=8.
Nov 11 19:29:00 LAPTOP-THASAN kernel:         Trampoline variant of Tasks RCU enabled.
Nov 11 19:29:00 LAPTOP-THASAN kernel:         Rude variant of Tasks RCU enabled.
Nov 11 19:29:00 LAPTOP-THASAN kernel:         Tracing variant of Tasks RCU enabled.
Nov 11 19:29:00 LAPTOP-THASAN kernel: rcu: RCU calculated value of scheduler-enlistment delay is 25 jiffies.
Nov 11 19:29:00 LAPTOP-THASAN kernel: rcu: Adjusting geometry for rcu_fanout_leaf=16, nr_cpu_ids=8
Nov 11 19:29:00 LAPTOP-THASAN kernel: Using NULL legacy PIC
Nov 11 19:29:00 LAPTOP-THASAN kernel: NR_IRQS: 524544, nr_irqs: 488, preallocated irqs: 0
Nov 11 19:29:00 LAPTOP-THASAN kernel: rcu: srcu_init: Setting srcu_struct sizes based on contention.
Nov 11 19:29:00 LAPTOP-THASAN kernel: Console: colour dummy device 80x25
Nov 11 19:29:00 LAPTOP-THASAN kernel: ACPI: Core revision 20230628
Nov 11 19:29:00 LAPTOP-THASAN kernel: Failed to register legacy timer interrupt
Nov 11 19:29:00 LAPTOP-THASAN kernel: APIC: Switch to symmetric I/O mode setup
Nov 11 19:29:00 LAPTOP-THASAN kernel: x2apic enabled
Nov 11 19:29:00 LAPTOP-THASAN kernel: APIC: Switched APIC routing to: physical x2apic
Nov 11 19:29:00 LAPTOP-THASAN kernel: Hyper-V: Host Build 10.0.26100.6899-6-0
Nov 11 19:29:00 LAPTOP-THASAN kernel: Hyper-V: enabling crash_kexec_post_notifiers
Nov 11 19:29:00 LAPTOP-THASAN kernel: Hyper-V: Disabling IBT because of Hyper-V bug
Nov 11 19:29:00 LAPTOP-THASAN kernel: Hyper-V: Using IPI hypercalls
Nov 11 19:29:00 LAPTOP-THASAN kernel: APIC: send_IPI() replaced with hv_send_ipi()
Nov 11 19:29:00 LAPTOP-THASAN kernel: APIC: send_IPI_mask() replaced with hv_send_ipi_mask()
Nov 11 19:29:00 LAPTOP-THASAN kernel: APIC: send_IPI_mask_allbutself() replaced with hv_send_ipi_mask_allbutself()
Nov 11 19:29:00 LAPTOP-THASAN kernel: APIC: send_IPI_allbutself() replaced with hv_send_ipi_allbutself()
Nov 11 19:29:00 LAPTOP-THASAN kernel: APIC: send_IPI_all() replaced with hv_send_ipi_all()
Nov 11 19:29:00 LAPTOP-THASAN kernel: APIC: send_IPI_self() replaced with hv_send_ipi_self()
Nov 11 19:29:00 LAPTOP-THASAN kernel: clocksource: tsc-early: mask: 0xffffffffffffffff max_cycles: 0x22df101993e, max_idle_ns: 440795226575 ns
Nov 11 19:29:00 LAPTOP-THASAN kernel: Calibrating delay loop (skipped), value calculated using timer frequency.. 4838.39 BogoMIPS (lpj=9676796)
Nov 11 19:29:00 LAPTOP-THASAN kernel: x86/cpu: User Mode Instruction Prevention (UMIP) activated
Nov 11 19:29:00 LAPTOP-THASAN kernel: Last level iTLB entries: 4KB 0, 2MB 0, 4MB 0
Nov 11 19:29:00 LAPTOP-THASAN kernel: Last level dTLB entries: 4KB 0, 2MB 0, 4MB 0, 1GB 0
Nov 11 19:29:00 LAPTOP-THASAN kernel: Spectre V1 : Mitigation: usercopy/swapgs barriers and __user pointer sanitization
Nov 11 19:29:00 LAPTOP-THASAN kernel: Spectre V2 : Spectre BHI mitigation: SW BHB clearing on vm exit
Nov 11 19:29:00 LAPTOP-THASAN kernel: Spectre V2 : Spectre BHI mitigation: SW BHB clearing on syscall
Nov 11 19:29:00 LAPTOP-THASAN kernel: Spectre V2 : Mitigation: Enhanced / Automatic IBRS
Nov 11 19:29:00 LAPTOP-THASAN kernel: Spectre V2 : Spectre v2 / SpectreRSB mitigation: Filling RSB on context switch
Nov 11 19:29:00 LAPTOP-THASAN kernel: Spectre V2 : Spectre v2 / PBRSB-eIBRS: Retire a single CALL on VMEXIT
Nov 11 19:29:00 LAPTOP-THASAN kernel: RETBleed: Mitigation: Enhanced IBRS
Nov 11 19:29:00 LAPTOP-THASAN kernel: Spectre V2 : mitigation: Enabling conditional Indirect Branch Prediction Barrier
Nov 11 19:29:00 LAPTOP-THASAN kernel: Speculative Store Bypass: Mitigation: Speculative Store Bypass disabled via prctl
Nov 11 19:29:00 LAPTOP-THASAN kernel: x86/fpu: Supporting XSAVE feature 0x001: 'x87 floating point registers'
Nov 11 19:29:00 LAPTOP-THASAN kernel: x86/fpu: Supporting XSAVE feature 0x002: 'SSE registers'
Nov 11 19:29:00 LAPTOP-THASAN kernel: x86/fpu: Supporting XSAVE feature 0x004: 'AVX registers'
Nov 11 19:29:00 LAPTOP-THASAN kernel: x86/fpu: Supporting XSAVE feature 0x020: 'AVX-512 opmask'
Nov 11 19:29:00 LAPTOP-THASAN kernel: x86/fpu: Supporting XSAVE feature 0x040: 'AVX-512 Hi256'
Nov 11 19:29:00 LAPTOP-THASAN kernel: x86/fpu: Supporting XSAVE feature 0x080: 'AVX-512 ZMM_Hi256'
Nov 11 19:29:00 LAPTOP-THASAN kernel: x86/fpu: Supporting XSAVE feature 0x800: 'Control-flow User registers'
Nov 11 19:29:00 LAPTOP-THASAN kernel: x86/fpu: xstate_offset[2]:  576, xstate_sizes[2]:  256
Nov 11 19:29:00 LAPTOP-THASAN kernel: x86/fpu: xstate_offset[5]:  832, xstate_sizes[5]:   64
Nov 11 19:29:00 LAPTOP-THASAN kernel: x86/fpu: xstate_offset[6]:  896, xstate_sizes[6]:  512
Nov 11 19:29:00 LAPTOP-THASAN kernel: x86/fpu: xstate_offset[7]: 1408, xstate_sizes[7]: 1024
Nov 11 19:29:00 LAPTOP-THASAN kernel: x86/fpu: xstate_offset[11]: 2432, xstate_sizes[11]:   16
Nov 11 19:29:00 LAPTOP-THASAN kernel: x86/fpu: Enabled xstate features 0x8e7, context size is 2448 bytes, using 'compacted' format.
Nov 11 19:29:00 LAPTOP-THASAN kernel: Freeing SMP alternatives memory: 44K
Nov 11 19:29:00 LAPTOP-THASAN kernel: pid_max: default: 32768 minimum: 301
Nov 11 19:29:00 LAPTOP-THASAN kernel: LSM: initializing lsm=capability,landlock,yama,safesetid,selinux,integrity
Nov 11 19:29:00 LAPTOP-THASAN kernel: landlock: Up and running.
Nov 11 19:29:00 LAPTOP-THASAN kernel: Yama: becoming mindful.
Nov 11 19:29:00 LAPTOP-THASAN kernel: SELinux:  Initializing.
Nov 11 19:29:00 LAPTOP-THASAN kernel: Mount-cache hash table entries: 16384 (order: 5, 131072 bytes, linear)
Nov 11 19:29:00 LAPTOP-THASAN kernel: Mountpoint-cache hash table entries: 16384 (order: 5, 131072 bytes, linear)
Nov 11 19:29:00 LAPTOP-THASAN kernel: smpboot: CPU0: 11th Gen Intel(R) Core(TM) i5-1135G7 @ 2.40GHz (family: 0x6, model: 0x8c, stepping: 0x1)
Nov 11 19:29:00 LAPTOP-THASAN kernel: RCU Tasks: Setting shift to 3 and lim to 1 rcu_task_cb_adjust=1 rcu_task_cpu_ids=8.
Nov 11 19:29:00 LAPTOP-THASAN kernel: RCU Tasks Rude: Setting shift to 3 and lim to 1 rcu_task_cb_adjust=1 rcu_task_cpu_ids=8.
Nov 11 19:29:00 LAPTOP-THASAN kernel: RCU Tasks Trace: Setting shift to 3 and lim to 1 rcu_task_cb_adjust=1 rcu_task_cpu_ids=8.
Nov 11 19:29:00 LAPTOP-THASAN kernel: Performance Events:  AnyThread deprecated, Icelake events, 32-deep LBR, full-width counters, Intel PMU driver.
Nov 11 19:29:00 LAPTOP-THASAN kernel: ... version:                5
Nov 11 19:29:00 LAPTOP-THASAN kernel: ... bit width:              48
Nov 11 19:29:00 LAPTOP-THASAN kernel: ... generic registers:      8
Nov 11 19:29:00 LAPTOP-THASAN kernel: ... value mask:             0000ffffffffffff
Nov 11 19:29:00 LAPTOP-THASAN kernel: ... max period:             00007fffffffffff
Nov 11 19:29:00 LAPTOP-THASAN kernel: ... fixed-purpose events:   4
Nov 11 19:29:00 LAPTOP-THASAN kernel: ... event mask:             0001000f000000ff
Nov 11 19:29:00 LAPTOP-THASAN kernel: signal: max sigframe size: 3632
Nov 11 19:29:00 LAPTOP-THASAN kernel: rcu: Hierarchical SRCU implementation.
Nov 11 19:29:00 LAPTOP-THASAN kernel: rcu:         Max phase no-delay instances is 1000.
Nov 11 19:29:00 LAPTOP-THASAN kernel: smp: Bringing up secondary CPUs ...
Nov 11 19:29:00 LAPTOP-THASAN kernel: smpboot: x86: Booting SMP configuration:
Nov 11 19:29:00 LAPTOP-THASAN kernel: .... node  #0, CPUs:      #2 #4 #6 #1 #3 #5 #7
Nov 11 19:29:00 LAPTOP-THASAN kernel: smp: Brought up 1 node, 8 CPUs
Nov 11 19:29:00 LAPTOP-THASAN kernel: smpboot: Max logical packages: 1
Nov 11 19:29:00 LAPTOP-THASAN kernel: smpboot: Total of 8 processors activated (38707.18 BogoMIPS)
Nov 11 19:29:00 LAPTOP-THASAN kernel: node 0 deferred pages initialised in 16ms
Nov 11 19:29:00 LAPTOP-THASAN kernel: devtmpfs: initialized
Nov 11 19:29:00 LAPTOP-THASAN kernel: x86/mm: Memory block size: 128MB
Nov 11 19:29:00 LAPTOP-THASAN kernel: clocksource: jiffies: mask: 0xffffffff max_cycles: 0xffffffff, max_idle_ns: 7645041785100000 ns
Nov 11 19:29:00 LAPTOP-THASAN kernel: futex hash table entries: 2048 (order: 5, 131072 bytes, linear)
Nov 11 19:29:00 LAPTOP-THASAN kernel: pinctrl core: initialized pinctrl subsystem
Nov 11 19:29:00 LAPTOP-THASAN kernel: NET: Registered PF_NETLINK/PF_ROUTE protocol family
Nov 11 19:29:00 LAPTOP-THASAN kernel: DMA: preallocated 1024 KiB GFP_KERNEL pool for atomic allocations
Nov 11 19:29:00 LAPTOP-THASAN kernel: DMA: preallocated 1024 KiB GFP_KERNEL|GFP_DMA32 pool for atomic allocations
Nov 11 19:29:00 LAPTOP-THASAN kernel: audit: initializing netlink subsys (disabled)
Nov 11 19:29:00 LAPTOP-THASAN kernel: audit: type=2000 audit(1762907337.024:1): state=initialized audit_enabled=0 res=1
Nov 11 19:29:00 LAPTOP-THASAN kernel: thermal_sys: Registered thermal governor 'step_wise'
Nov 11 19:29:00 LAPTOP-THASAN kernel: thermal_sys: Registered thermal governor 'user_space'
Nov 11 19:29:00 LAPTOP-THASAN kernel: cpuidle: using governor ladder
Nov 11 19:29:00 LAPTOP-THASAN kernel: cpuidle: using governor menu
Nov 11 19:29:00 LAPTOP-THASAN kernel: acpiphp: ACPI Hot Plug PCI Controller Driver version: 0.5
Nov 11 19:29:00 LAPTOP-THASAN kernel: dca service started, version 1.12.1
Nov 11 19:29:00 LAPTOP-THASAN kernel: PCI: Fatal: No config space access function found
Nov 11 19:29:00 LAPTOP-THASAN kernel: kprobes: kprobe jump-optimization is enabled. All kprobes are optimized if possible.
Nov 11 19:29:00 LAPTOP-THASAN kernel: HugeTLB: registered 1.00 GiB page size, pre-allocated 0 pages
Nov 11 19:29:00 LAPTOP-THASAN kernel: HugeTLB: 16380 KiB vmemmap can be freed for a 1.00 GiB page
Nov 11 19:29:00 LAPTOP-THASAN kernel: HugeTLB: registered 2.00 MiB page size, pre-allocated 0 pages
Nov 11 19:29:00 LAPTOP-THASAN kernel: HugeTLB: 28 KiB vmemmap can be freed for a 2.00 MiB page
Nov 11 19:29:00 LAPTOP-THASAN kernel: cryptd: max_cpu_qlen set to 1000
Nov 11 19:29:00 LAPTOP-THASAN kernel: ACPI: Added _OSI(Module Device)
Nov 11 19:29:00 LAPTOP-THASAN kernel: ACPI: Added _OSI(Processor Device)
Nov 11 19:29:00 LAPTOP-THASAN kernel: ACPI: Added _OSI(3.0 _SCP Extensions)
Nov 11 19:29:00 LAPTOP-THASAN kernel: ACPI: Added _OSI(Processor Aggregator Device)
Nov 11 19:29:00 LAPTOP-THASAN kernel: ACPI: 1 ACPI AML tables successfully acquired and loaded
Nov 11 19:29:00 LAPTOP-THASAN kernel: ACPI: _OSC evaluation for CPUs failed, trying _PDC
Nov 11 19:29:00 LAPTOP-THASAN kernel: ACPI: Interpreter enabled
Nov 11 19:29:00 LAPTOP-THASAN kernel: ACPI: PM: (supports S0 S5)
Nov 11 19:29:00 LAPTOP-THASAN kernel: ACPI: Using IOAPIC for interrupt routing
Nov 11 19:29:00 LAPTOP-THASAN kernel: PCI: Using host bridge windows from ACPI; if necessary, use "pci=nocrs" and report a bug
Nov 11 19:29:00 LAPTOP-THASAN kernel: PCI: Using E820 reservations for host bridge windows
Nov 11 19:29:00 LAPTOP-THASAN kernel: ACPI: Enabled 2 GPEs in block 00 to 0F
Nov 11 19:29:00 LAPTOP-THASAN kernel: iommu: Default domain type: Translated
Nov 11 19:29:00 LAPTOP-THASAN kernel: iommu: DMA domain TLB invalidation policy: lazy mode
Nov 11 19:29:00 LAPTOP-THASAN kernel: SCSI subsystem initialized
Nov 11 19:29:00 LAPTOP-THASAN kernel: libata version 3.00 loaded.
Nov 11 19:29:00 LAPTOP-THASAN kernel: pps_core: LinuxPPS API ver. 1 registered
Nov 11 19:29:00 LAPTOP-THASAN kernel: pps_core: Software ver. 5.3.6 - Copyright 2005-2007 Rodolfo Giometti <giometti@linux.it>
Nov 11 19:29:00 LAPTOP-THASAN kernel: PTP clock support registered
Nov 11 19:29:00 LAPTOP-THASAN kernel: EDAC MC: Ver: 3.0.0
Nov 11 19:29:00 LAPTOP-THASAN kernel: hv_vmbus: Vmbus version:5.3
Nov 11 19:29:00 LAPTOP-THASAN kernel: hv_vmbus: Unknown GUID: 6e382d18-3336-4f4b-acc4-2b7703d4df4a
Nov 11 19:29:00 LAPTOP-THASAN kernel: hv_vmbus: Unknown GUID: dde9cbc0-5060-4436-9448-ea1254a5d177
Nov 11 19:29:00 LAPTOP-THASAN kernel: NetLabel: Initializing
Nov 11 19:29:00 LAPTOP-THASAN kernel: NetLabel:  domain hash size = 128
Nov 11 19:29:00 LAPTOP-THASAN kernel: NetLabel:  protocols = UNLABELED CIPSOv4 CALIPSO
Nov 11 19:29:00 LAPTOP-THASAN kernel: NetLabel:  unlabeled traffic allowed by default
Nov 11 19:29:00 LAPTOP-THASAN kernel: PCI: Using ACPI for IRQ routing
Nov 11 19:29:00 LAPTOP-THASAN kernel: PCI: System does not support PCI
Nov 11 19:29:00 LAPTOP-THASAN kernel: vgaarb: loaded
Nov 11 19:29:00 LAPTOP-THASAN kernel: clocksource: Switched to clocksource tsc-early
Nov 11 19:29:00 LAPTOP-THASAN kernel: VFS: Disk quotas dquot_6.6.0
Nov 11 19:29:00 LAPTOP-THASAN kernel: VFS: Dquot-cache hash table entries: 512 (order 0, 4096 bytes)
Nov 11 19:29:00 LAPTOP-THASAN kernel: FS-Cache: Loaded
Nov 11 19:29:00 LAPTOP-THASAN kernel: pnp: PnP ACPI init
Nov 11 19:29:00 LAPTOP-THASAN kernel: pnp: PnP ACPI: found 1 devices
Nov 11 19:29:00 LAPTOP-THASAN kernel: clocksource: acpi_pm: mask: 0xffffff max_cycles: 0xffffff, max_idle_ns: 2085701024 ns
Nov 11 19:29:00 LAPTOP-THASAN kernel: NET: Registered PF_INET protocol family
Nov 11 19:29:00 LAPTOP-THASAN kernel: IP idents hash table entries: 131072 (order: 8, 1048576 bytes, linear)
Nov 11 19:29:00 LAPTOP-THASAN kernel: tcp_listen_portaddr_hash hash table entries: 4096 (order: 4, 65536 bytes, linear)
Nov 11 19:29:00 LAPTOP-THASAN kernel: Table-perturb hash table entries: 65536 (order: 6, 262144 bytes, linear)
Nov 11 19:29:00 LAPTOP-THASAN kernel: TCP established hash table entries: 65536 (order: 7, 524288 bytes, linear)
Nov 11 19:29:00 LAPTOP-THASAN kernel: TCP bind hash table entries: 65536 (order: 9, 2097152 bytes, linear)
Nov 11 19:29:00 LAPTOP-THASAN kernel: TCP: Hash tables configured (established 65536 bind 65536)
Nov 11 19:29:00 LAPTOP-THASAN kernel: UDP hash table entries: 4096 (order: 5, 131072 bytes, linear)
Nov 11 19:29:00 LAPTOP-THASAN kernel: UDP-Lite hash table entries: 4096 (order: 5, 131072 bytes, linear)
Nov 11 19:29:00 LAPTOP-THASAN kernel: NET: Registered PF_UNIX/PF_LOCAL protocol family
Nov 11 19:29:00 LAPTOP-THASAN kernel: NET: Registered PF_XDP protocol family
Nov 11 19:29:00 LAPTOP-THASAN kernel: PCI: CLS 0 bytes, default 64
Nov 11 19:29:00 LAPTOP-THASAN kernel: PCI-DMA: Using software bounce buffering for IO (SWIOTLB)
Nov 11 19:29:00 LAPTOP-THASAN kernel: software IO TLB: mapped [mem 0x00000000f4000000-0x00000000f8000000] (64MB)
Nov 11 19:29:00 LAPTOP-THASAN kernel: Trying to unpack rootfs image as initramfs...
Nov 11 19:29:00 LAPTOP-THASAN kernel: Freeing initrd memory: 2672K
Nov 11 19:29:00 LAPTOP-THASAN kernel: RAPL PMU: API unit is 2^-32 Joules, 0 fixed counters, 10737418240 ms ovfl timer
Nov 11 19:29:00 LAPTOP-THASAN kernel: clocksource: tsc: mask: 0xffffffffffffffff max_cycles: 0x22df101993e, max_idle_ns: 440795226575 ns
Nov 11 19:29:00 LAPTOP-THASAN kernel: clocksource: Switched to clocksource tsc
Nov 11 19:29:00 LAPTOP-THASAN kernel: Initialise system trusted keyrings
Nov 11 19:29:00 LAPTOP-THASAN kernel: Key type blacklist registered
Nov 11 19:29:00 LAPTOP-THASAN kernel: workingset: timestamp_bits=36 max_order=21 bucket_order=0
Nov 11 19:29:00 LAPTOP-THASAN kernel: squashfs: version 4.0 (2009/01/31) Phillip Lougher
Nov 11 19:29:00 LAPTOP-THASAN kernel: fuse: init (API version 7.39)
Nov 11 19:29:00 LAPTOP-THASAN kernel: SGI XFS with ACLs, security attributes, realtime, verbose warnings, quota, no debug enabled
Nov 11 19:29:00 LAPTOP-THASAN kernel: 9p: Installing v9fs 9p2000 file system support
Nov 11 19:29:00 LAPTOP-THASAN kernel: Key type asymmetric registered
Nov 11 19:29:00 LAPTOP-THASAN kernel: Asymmetric key parser 'x509' registered
Nov 11 19:29:00 LAPTOP-THASAN kernel: Block layer SCSI generic (bsg) driver version 0.4 loaded (major 245)
Nov 11 19:29:00 LAPTOP-THASAN kernel: io scheduler mq-deadline registered
Nov 11 19:29:00 LAPTOP-THASAN kernel: io scheduler kyber registered
Nov 11 19:29:00 LAPTOP-THASAN kernel: hv_vmbus: registering driver hv_pci
Nov 11 19:29:00 LAPTOP-THASAN kernel: hv_pci c4b741f5-5582-4c98-8f8b-2e082933c396: PCI VMBus probing: Using version 0x10004
Nov 11 19:29:00 LAPTOP-THASAN kernel: hv_pci c4b741f5-5582-4c98-8f8b-2e082933c396: PCI host bridge to bus 5582:00
Nov 11 19:29:00 LAPTOP-THASAN kernel: pci_bus 5582:00: root bus resource [mem 0x9ffe00000-0x9ffe02fff window]
Nov 11 19:29:00 LAPTOP-THASAN kernel: pci_bus 5582:00: No busn resource found for root bus, will use [bus 00-ff]
Nov 11 19:29:00 LAPTOP-THASAN kernel: pci 5582:00:00.0: [1af4:1043] type 00 class 0x010000
Nov 11 19:29:00 LAPTOP-THASAN kernel: pci 5582:00:00.0: reg 0x10: [mem 0x9ffe00000-0x9ffe00fff 64bit]
Nov 11 19:29:00 LAPTOP-THASAN kernel: pci 5582:00:00.0: reg 0x18: [mem 0x9ffe01000-0x9ffe01fff 64bit]
Nov 11 19:29:00 LAPTOP-THASAN kernel: pci 5582:00:00.0: reg 0x20: [mem 0x9ffe02000-0x9ffe02fff 64bit]
Nov 11 19:29:00 LAPTOP-THASAN kernel: pci_bus 5582:00: busn_res: [bus 00-ff] end is updated to 00
Nov 11 19:29:00 LAPTOP-THASAN kernel: pci 5582:00:00.0: BAR 0: assigned [mem 0x9ffe00000-0x9ffe00fff 64bit]
Nov 11 19:29:00 LAPTOP-THASAN kernel: pci 5582:00:00.0: BAR 2: assigned [mem 0x9ffe01000-0x9ffe01fff 64bit]
Nov 11 19:29:00 LAPTOP-THASAN kernel: pci 5582:00:00.0: BAR 4: assigned [mem 0x9ffe02000-0x9ffe02fff 64bit]
Nov 11 19:29:00 LAPTOP-THASAN kernel: hv_pci eb5fccb2-6acb-4b15-9a22-f930e6aa3fa6: PCI VMBus probing: Using version 0x10004
Nov 11 19:29:00 LAPTOP-THASAN kernel: hv_pci eb5fccb2-6acb-4b15-9a22-f930e6aa3fa6: PCI host bridge to bus 6acb:00
Nov 11 19:29:00 LAPTOP-THASAN kernel: pci_bus 6acb:00: No busn resource found for root bus, will use [bus 00-ff]
Nov 11 19:29:00 LAPTOP-THASAN kernel: pci 6acb:00:00.0: [1414:008e] type 00 class 0x030200
Nov 11 19:29:00 LAPTOP-THASAN kernel: pci_bus 6acb:00: busn_res: [bus 00-ff] end is updated to 00
Nov 11 19:29:00 LAPTOP-THASAN kernel: ioatdma: Intel(R) QuickData Technology Driver 5.00
Nov 11 19:29:00 LAPTOP-THASAN kernel: virtio-pci 5582:00:00.0: enabling device (0000 -> 0002)
Nov 11 19:29:00 LAPTOP-THASAN kernel: Serial: 8250/16550 driver, 8 ports, IRQ sharing enabled
Nov 11 19:29:00 LAPTOP-THASAN kernel: Linux agpgart interface v0.103
Nov 11 19:29:00 LAPTOP-THASAN kernel: AMD-Vi: AMD IOMMUv2 functionality not available on this system - This is not a bug.
Nov 11 19:29:00 LAPTOP-THASAN kernel: ACPI: bus type drm_connector registered
Nov 11 19:29:00 LAPTOP-THASAN kernel: printk: console [hvc0] enabled
Nov 11 19:29:00 LAPTOP-THASAN kernel: brd: module loaded
Nov 11 19:29:00 LAPTOP-THASAN kernel: loop: module loaded
Nov 11 19:29:00 LAPTOP-THASAN kernel: Loading iSCSI transport class v2.0-870.
Nov 11 19:29:00 LAPTOP-THASAN kernel: rdac: device handler registered
Nov 11 19:29:00 LAPTOP-THASAN kernel: Microchip SmartPQI Driver (v2.1.24-046)
Nov 11 19:29:00 LAPTOP-THASAN kernel: VMware PVSCSI driver - version 1.0.7.0-k
Nov 11 19:29:00 LAPTOP-THASAN kernel: hv_vmbus: registering driver hv_storvsc
Nov 11 19:29:00 LAPTOP-THASAN kernel: PPP generic driver version 2.4.2
Nov 11 19:29:00 LAPTOP-THASAN kernel: VMware vmxnet3 virtual NIC driver - version 1.7.0.0-k-NAPI
Nov 11 19:29:00 LAPTOP-THASAN kernel: scsi host0: storvsc_host_t
Nov 11 19:29:00 LAPTOP-THASAN kernel: hv_vmbus: registering driver hv_netvsc
Nov 11 19:29:00 LAPTOP-THASAN kernel: Fusion MPT base driver 3.04.20
Nov 11 19:29:00 LAPTOP-THASAN kernel: Copyright (c) 1999-2008 LSI Corporation
Nov 11 19:29:00 LAPTOP-THASAN kernel: Fusion MPT SPI Host driver 3.04.20
Nov 11 19:29:00 LAPTOP-THASAN kernel: Fusion MPT SAS Host driver 3.04.20
Nov 11 19:29:00 LAPTOP-THASAN kernel: Fusion MPT misc device (ioctl) driver 3.04.20
Nov 11 19:29:00 LAPTOP-THASAN kernel: mptctl: Registered with Fusion MPT base driver
Nov 11 19:29:00 LAPTOP-THASAN kernel: mptctl: /dev/mptctl @ (major,minor=10,220)
Nov 11 19:29:00 LAPTOP-THASAN kernel: i8042: PNP: No PS/2 controller found.
Nov 11 19:29:00 LAPTOP-THASAN kernel: hv_vmbus: registering driver hyperv_keyboard
Nov 11 19:29:00 LAPTOP-THASAN kernel: rtc_cmos 00:00: RTC can wake from S4
Nov 11 19:29:00 LAPTOP-THASAN kernel: rtc_cmos 00:00: registered as rtc0
Nov 11 19:29:00 LAPTOP-THASAN kernel: rtc_cmos 00:00: setting system clock to 2025-11-12T00:28:57 UTC (1762907337)
Nov 11 19:29:00 LAPTOP-THASAN kernel: rtc_cmos 00:00: alarms up to one month, 114 bytes nvram
Nov 11 19:29:00 LAPTOP-THASAN kernel: device-mapper: core: CONFIG_IMA_DISABLE_HTABLE is disabled. Duplicate IMA measurements will not be recorded in the IMA log.
Nov 11 19:29:00 LAPTOP-THASAN kernel: device-mapper: uevent: version 1.0.3
Nov 11 19:29:00 LAPTOP-THASAN kernel: device-mapper: ioctl: 4.48.0-ioctl (2023-03-01) initialised: dm-devel@redhat.com
Nov 11 19:29:00 LAPTOP-THASAN kernel: intel_pstate: CPU model not supported
Nov 11 19:29:00 LAPTOP-THASAN kernel: hv_utils: Registering HyperV Utility Driver
Nov 11 19:29:00 LAPTOP-THASAN kernel: hv_vmbus: registering driver hv_utils
Nov 11 19:29:00 LAPTOP-THASAN kernel: hv_vmbus: registering driver hv_balloon
Nov 11 19:29:00 LAPTOP-THASAN kernel: hv_vmbus: registering driver dxgkrnl
Nov 11 19:29:00 LAPTOP-THASAN kernel: hv_utils: TimeSync IC version 4.0
Nov 11 19:29:00 LAPTOP-THASAN kernel: hv_balloon: Using Dynamic Memory protocol version 2.0
Nov 11 19:29:00 LAPTOP-THASAN kernel: Free page reporting enabled
Nov 11 19:29:00 LAPTOP-THASAN kernel: hv_balloon: Cold memory discard hint enabled with order 9
Nov 11 19:29:00 LAPTOP-THASAN kernel: drop_monitor: Initializing network drop monitor service
Nov 11 19:29:00 LAPTOP-THASAN kernel: NET: Registered PF_INET6 protocol family
Nov 11 19:29:00 LAPTOP-THASAN kernel: Segment Routing with IPv6
Nov 11 19:29:00 LAPTOP-THASAN kernel: In-situ OAM (IOAM) with IPv6
Nov 11 19:29:00 LAPTOP-THASAN kernel: NET: Registered PF_PACKET protocol family
Nov 11 19:29:00 LAPTOP-THASAN kernel: 9pnet: Installing 9P2000 support
Nov 11 19:29:00 LAPTOP-THASAN kernel: NET: Registered PF_VSOCK protocol family
Nov 11 19:29:00 LAPTOP-THASAN kernel: hv_vmbus: registering driver hv_sock
Nov 11 19:29:00 LAPTOP-THASAN kernel: IPI shorthand broadcast: enabled
Nov 11 19:29:00 LAPTOP-THASAN kernel: AVX2 version of gcm_enc/dec engaged.
Nov 11 19:29:00 LAPTOP-THASAN kernel: AES CTR mode by8 optimization enabled
Nov 11 19:29:00 LAPTOP-THASAN kernel: sched_clock: Marking stable (308074739, 4533598)->(338929519, -26321182)
Nov 11 19:29:00 LAPTOP-THASAN kernel: registered taskstats version 1
Nov 11 19:29:00 LAPTOP-THASAN kernel: Loading compiled-in X.509 certificates
Nov 11 19:29:00 LAPTOP-THASAN kernel: ima: No TPM chip found, activating TPM-bypass!
Nov 11 19:29:00 LAPTOP-THASAN kernel: ima: Allocated hash algorithm: sha256
Nov 11 19:29:00 LAPTOP-THASAN kernel: ima: No architecture policies found
Nov 11 19:29:00 LAPTOP-THASAN kernel: RAS: Correctable Errors collector initialized.
Nov 11 19:29:00 LAPTOP-THASAN kernel: clk: Disabling unused clocks
Nov 11 19:29:00 LAPTOP-THASAN kernel: Freeing unused decrypted memory: 2028K
Nov 11 19:29:00 LAPTOP-THASAN kernel: Freeing unused kernel image (initmem) memory: 4492K
Nov 11 19:29:00 LAPTOP-THASAN kernel: Write protecting the kernel read-only data: 34816k
Nov 11 19:29:00 LAPTOP-THASAN kernel: Freeing unused kernel image (rodata/data gap) memory: 840K
Nov 11 19:29:00 LAPTOP-THASAN kernel: Run /init as init process
Nov 11 19:29:00 LAPTOP-THASAN kernel:   with arguments:
Nov 11 19:29:00 LAPTOP-THASAN kernel:     /init
Nov 11 19:29:00 LAPTOP-THASAN kernel:   with environment:
Nov 11 19:29:00 LAPTOP-THASAN kernel:     HOME=/
Nov 11 19:29:00 LAPTOP-THASAN kernel:     TERM=linux
Nov 11 19:29:00 LAPTOP-THASAN kernel:     WSL_ROOT_INIT=1
Nov 11 19:29:00 LAPTOP-THASAN kernel:     WSL_ENABLE_CRASH_DUMP=1
Nov 11 19:29:00 LAPTOP-THASAN kernel: scsi 0:0:0:0: Direct-Access     Msft     Virtual Disk     1.0  PQ: 0 ANSI: 5
Nov 11 19:29:00 LAPTOP-THASAN kernel: scsi 0:0:0:1: Direct-Access     Msft     Virtual Disk     1.0  PQ: 0 ANSI: 5
Nov 11 19:29:00 LAPTOP-THASAN kernel: sd 0:0:0:0: Attached scsi generic sg0 type 0
Nov 11 19:29:00 LAPTOP-THASAN kernel: sd 0:0:0:0: [sda] 795536 512-byte logical blocks: (407 MB/388 MiB)
Nov 11 19:29:00 LAPTOP-THASAN kernel: sd 0:0:0:1: Attached scsi generic sg1 type 0
Nov 11 19:29:00 LAPTOP-THASAN kernel: sd 0:0:0:0: [sda] Write Protect is on
Nov 11 19:29:00 LAPTOP-THASAN kernel: sd 0:0:0:0: [sda] Mode Sense: 0f 00 80 00
Nov 11 19:29:00 LAPTOP-THASAN kernel: sd 0:0:0:1: [sdb] 381016 512-byte logical blocks: (195 MB/186 MiB)
Nov 11 19:29:00 LAPTOP-THASAN kernel: sd 0:0:0:0: [sda] Write cache: disabled, read cache: enabled, doesn't support DPO or FUA
Nov 11 19:29:00 LAPTOP-THASAN kernel: sd 0:0:0:1: [sdb] Write Protect is on
Nov 11 19:29:00 LAPTOP-THASAN kernel: sd 0:0:0:1: [sdb] Mode Sense: 0f 00 80 00
Nov 11 19:29:00 LAPTOP-THASAN kernel: sd 0:0:0:1: [sdb] Write cache: disabled, read cache: enabled, doesn't support DPO or FUA
Nov 11 19:29:00 LAPTOP-THASAN kernel: sd 0:0:0:0: [sda] Attached SCSI disk
Nov 11 19:29:00 LAPTOP-THASAN kernel: sd 0:0:0:1: [sdb] Attached SCSI disk
Nov 11 19:29:00 LAPTOP-THASAN kernel: scsi 0:0:0:2: Direct-Access     Msft     Virtual Disk     1.0  PQ: 0 ANSI: 5
Nov 11 19:29:00 LAPTOP-THASAN kernel: sd 0:0:0:2: Attached scsi generic sg2 type 0
Nov 11 19:29:00 LAPTOP-THASAN kernel: sd 0:0:0:2: [sdc] 4194312 512-byte logical blocks: (2.15 GB/2.00 GiB)
Nov 11 19:29:00 LAPTOP-THASAN kernel: sd 0:0:0:2: [sdc] 4096-byte physical blocks
Nov 11 19:29:00 LAPTOP-THASAN kernel: sd 0:0:0:2: [sdc] Write Protect is off
Nov 11 19:29:00 LAPTOP-THASAN kernel: sd 0:0:0:2: [sdc] Mode Sense: 0f 00 00 00
Nov 11 19:29:00 LAPTOP-THASAN kernel: sd 0:0:0:2: [sdc] Write cache: enabled, read cache: enabled, doesn't support DPO or FUA
Nov 11 19:29:00 LAPTOP-THASAN kernel: sd 0:0:0:2: [sdc] Attached SCSI disk
Nov 11 19:29:00 LAPTOP-THASAN kernel: EXT4-fs (sda): mounted filesystem 00000000-0000-0000-0000-000000000000 ro without journal. Quota mode: none.
Nov 11 19:29:00 LAPTOP-THASAN kernel: EXT4-fs (sdb): mounted filesystem 00000000-0000-0000-0000-000000000000 ro without journal. Quota mode: none.
Nov 11 19:29:00 LAPTOP-THASAN kernel: tun: Universal TUN/TAP device driver, 1.6
Nov 11 19:29:00 LAPTOP-THASAN kernel: bridge: filtering via arp/ip/ip6tables is no longer available by default. Update your scripts to load br_netfilter if you need this.
Nov 11 19:29:00 LAPTOP-THASAN kernel: Adding 2097152k swap on /dev/sdc.  Priority:-2 extents:1 across:2097152k 
Nov 11 19:29:00 LAPTOP-THASAN kernel: Bridge firewalling registered
Nov 11 19:29:00 LAPTOP-THASAN kernel: hv_pci 4240f501-beac-49da-b88c-0d851bda7d2d: PCI VMBus probing: Using version 0x10004
Nov 11 19:29:00 LAPTOP-THASAN kernel: hv_pci 4240f501-beac-49da-b88c-0d851bda7d2d: PCI host bridge to bus beac:00
Nov 11 19:29:00 LAPTOP-THASAN kernel: pci_bus beac:00: root bus resource [mem 0xc00000000-0xe00001fff window]
Nov 11 19:29:00 LAPTOP-THASAN kernel: pci_bus beac:00: No busn resource found for root bus, will use [bus 00-ff]
Nov 11 19:29:00 LAPTOP-THASAN kernel: pci beac:00:00.0: [1af4:105a] type 00 class 0x088000
Nov 11 19:29:00 LAPTOP-THASAN kernel: pci beac:00:00.0: reg 0x10: [mem 0xe00000000-0xe00000fff 64bit]
Nov 11 19:29:00 LAPTOP-THASAN kernel: pci beac:00:00.0: reg 0x18: [mem 0xe00001000-0xe00001fff 64bit]
Nov 11 19:29:00 LAPTOP-THASAN kernel: pci beac:00:00.0: reg 0x20: [mem 0xc00000000-0xdffffffff 64bit]
Nov 11 19:29:00 LAPTOP-THASAN kernel: pci_bus beac:00: busn_res: [bus 00-ff] end is updated to 00
Nov 11 19:29:00 LAPTOP-THASAN kernel: pci beac:00:00.0: BAR 4: assigned [mem 0xc00000000-0xdffffffff 64bit]
Nov 11 19:29:00 LAPTOP-THASAN kernel: pci beac:00:00.0: BAR 0: assigned [mem 0xe00000000-0xe00000fff 64bit]
Nov 11 19:29:00 LAPTOP-THASAN kernel: pci beac:00:00.0: BAR 2: assigned [mem 0xe00001000-0xe00001fff 64bit]
Nov 11 19:29:00 LAPTOP-THASAN kernel: virtio-pci beac:00:00.0: enabling device (0000 -> 0002)
Nov 11 19:29:00 LAPTOP-THASAN kernel: virtiofs virtio1: Cache len: 0x200000000 @ 0xc00000000
Nov 11 19:29:00 LAPTOP-THASAN kernel: scsi 0:0:0:3: Direct-Access     Msft     Virtual Disk     1.0  PQ: 0 ANSI: 5
Nov 11 19:29:00 LAPTOP-THASAN kernel: sd 0:0:0:3: Attached scsi generic sg3 type 0
Nov 11 19:29:00 LAPTOP-THASAN kernel: sd 0:0:0:3: [sdd] 2147483648 512-byte logical blocks: (1.10 TB/1.00 TiB)
Nov 11 19:29:00 LAPTOP-THASAN kernel: sd 0:0:0:3: [sdd] 4096-byte physical blocks
Nov 11 19:29:00 LAPTOP-THASAN kernel: sd 0:0:0:3: [sdd] Write Protect is off
Nov 11 19:29:00 LAPTOP-THASAN kernel: sd 0:0:0:3: [sdd] Mode Sense: 0f 00 00 00
Nov 11 19:29:00 LAPTOP-THASAN kernel: sd 0:0:0:3: [sdd] Write cache: enabled, read cache: enabled, doesn't support DPO or FUA
Nov 11 19:29:00 LAPTOP-THASAN kernel: sd 0:0:0:3: [sdd] Attached SCSI disk
Nov 11 19:29:00 LAPTOP-THASAN kernel: EXT4-fs (sdd): recovery complete
Nov 11 19:29:00 LAPTOP-THASAN kernel: EXT4-fs (sdd): mounted filesystem 1eb82b94-0a29-4f31-92ce-1fd027858b7b r/w with ordered data mode. Quota mode: none.
Nov 11 19:29:00 LAPTOP-THASAN kernel: pulseaudio[252]: memfd_create() called without MFD_EXEC or MFD_NOEXEC_SEAL set
Nov 11 19:29:00 LAPTOP-THASAN kernel: misc dxg: dxgk: dxgkio_is_feature_enabled: Ioctl failed: -22
Nov 11 19:29:00 LAPTOP-THASAN kernel: misc dxg: dxgk: dxgkio_query_adapter_info: Ioctl failed: -22
Nov 11 19:29:00 LAPTOP-THASAN kernel: misc dxg: dxgk: dxgkio_query_adapter_info: Ioctl failed: -22
Nov 11 19:29:00 LAPTOP-THASAN kernel: misc dxg: dxgk: dxgkio_query_adapter_info: Ioctl failed: -22
Nov 11 19:29:00 LAPTOP-THASAN kernel: misc dxg: dxgk: dxgkio_query_adapter_info: Ioctl failed: -2
Nov 11 19:29:00 LAPTOP-THASAN systemd-journald[42]: Collecting audit messages is disabled.
Nov 11 19:29:00 LAPTOP-THASAN systemd-journald[42]: Journal started
Nov 11 19:29:00 LAPTOP-THASAN systemd-journald[42]: Runtime Journal (/run/log/journal/e0af5bf49a0a471abdfbb01564eb1a55) is 8.0M, max 388.2M, 380.2M free.
Nov 11 19:29:00 LAPTOP-THASAN systemd[1]: modprobe@fuse.service: Deactivated successfully.
Nov 11 19:29:00 LAPTOP-THASAN systemd[1]: Finished modprobe@fuse.service - Load Kernel Module fuse.
Nov 11 19:29:00 LAPTOP-THASAN systemd[1]: modprobe@loop.service: Deactivated successfully.
Nov 11 19:29:00 LAPTOP-THASAN systemd[1]: Finished modprobe@loop.service - Load Kernel Module loop.
Nov 11 19:29:00 LAPTOP-THASAN systemd[1]: Finished systemd-modules-load.service - Load Kernel Modules.
Nov 11 19:29:00 LAPTOP-THASAN systemd[1]: Finished systemd-remount-fs.service - Remount Root and Kernel File Systems.
Nov 11 19:29:00 LAPTOP-THASAN systemd[1]: Finished keyboard-setup.service - Set the console keyboard layout.
Nov 11 19:29:00 LAPTOP-THASAN systemd[1]: Mounting sys-fs-fuse-connections.mount - FUSE Control File System...
Nov 11 19:29:00 LAPTOP-THASAN systemd[1]: Mounting sys-kernel-config.mount - Kernel Configuration File System...
Nov 11 19:29:00 LAPTOP-THASAN systemd[1]: systemd-hwdb-update.service - Rebuild Hardware Database was skipped because of an unmet condition check (ConditionNeedsUpdate=/etc).
Nov 11 19:29:00 LAPTOP-THASAN systemd[1]: Starting systemd-journal-flush.service - Flush Journal to Persistent Storage...
Nov 11 19:29:00 LAPTOP-THASAN systemd[1]: systemd-pstore.service - Platform Persistent Storage Archival was skipped because of an unmet condition check (ConditionVirtualization=!container).
Nov 11 19:29:00 LAPTOP-THASAN systemd[1]: systemd-random-seed.service - Load/Save OS Random Seed was skipped because of an unmet condition check (ConditionVirtualization=!container).
Nov 11 19:29:00 LAPTOP-THASAN systemd[1]: systemd-repart.service - Repartition Root Disk was skipped because of an unmet condition check (ConditionVirtualization=!container).
Nov 11 19:29:00 LAPTOP-THASAN systemd[1]: Starting systemd-sysctl.service - Apply Kernel Variables...
Nov 11 19:29:00 LAPTOP-THASAN systemd[1]: Starting systemd-tmpfiles-setup-dev-early.service - Create Static Device Nodes in /dev gracefully...
Nov 11 19:29:00 LAPTOP-THASAN systemd[1]: systemd-tpm2-setup.service - TPM2 SRK Setup was skipped because of an unmet condition check (ConditionSecurity=measured-uki).
Nov 11 19:29:00 LAPTOP-THASAN systemd[1]: Mounted sys-fs-fuse-connections.mount - FUSE Control File System.
Nov 11 19:29:00 LAPTOP-THASAN systemd[1]: Mounted sys-kernel-config.mount - Kernel Configuration File System.
Nov 11 19:29:00 LAPTOP-THASAN systemd-journald[42]: Time spent on flushing to /var/log/journal/e0af5bf49a0a471abdfbb01564eb1a55 is 3.704ms for 467 entries.
Nov 11 19:29:00 LAPTOP-THASAN systemd-journald[42]: System Journal (/var/log/journal/e0af5bf49a0a471abdfbb01564eb1a55) is 431.2M, max 4.0G, 3.5G free.
Nov 11 19:29:00 LAPTOP-THASAN systemd-journald[42]: Received client request to flush runtime journal.
Nov 11 19:29:00 LAPTOP-THASAN systemd-journald[42]: File /var/log/journal/e0af5bf49a0a471abdfbb01564eb1a55/system.journal corrupted or uncleanly shut down, renaming and replacing.
Nov 11 19:29:00 LAPTOP-THASAN systemd-sysctl[76]: Couldn't write '1' to 'kernel/apparmor_restrict_unprivileged_userns', ignoring: No such file or directory
Nov 11 19:29:00 LAPTOP-THASAN systemd[1]: Finished systemd-sysctl.service - Apply Kernel Variables.
Nov 11 19:29:00 LAPTOP-THASAN systemd[1]: Finished systemd-tmpfiles-setup-dev-early.service - Create Static Device Nodes in /dev gracefully.
Nov 11 19:29:00 LAPTOP-THASAN systemd[1]: systemd-sysusers.service - Create System Users was skipped because no trigger condition checks were met.
Nov 11 19:29:00 LAPTOP-THASAN systemd[1]: Starting systemd-tmpfiles-setup-dev.service - Create Static Device Nodes in /dev...
Nov 11 19:29:00 LAPTOP-THASAN systemd[1]: Finished systemd-tmpfiles-setup-dev.service - Create Static Device Nodes in /dev.
Nov 11 19:29:00 LAPTOP-THASAN sh[94]: /bin/sh: 1: cannot create /proc/sys/fs/binfmt_misc/WSLInterop-late: Permission denied
Nov 11 19:29:00 LAPTOP-THASAN systemd[1]: Reached target local-fs-pre.target - Preparation for Local File Systems.
Nov 11 19:29:00 LAPTOP-THASAN systemd[1]: Reached target local-fs.target - Local File Systems.
Nov 11 19:29:00 LAPTOP-THASAN systemd[1]: Listening on systemd-sysext.socket - System Extension Image Management (Varlink).
Nov 11 19:29:00 LAPTOP-THASAN systemd[1]: apparmor.service - Load AppArmor profiles was skipped because of an unmet condition check (ConditionSecurity=apparmor).
Nov 11 19:29:00 LAPTOP-THASAN systemd[1]: Starting console-setup.service - Set console font and keymap...
Nov 11 19:29:00 LAPTOP-THASAN systemd[1]: ldconfig.service - Rebuild Dynamic Linker Cache was skipped because no trigger condition checks were met.
Nov 11 19:29:00 LAPTOP-THASAN systemd[1]: snapd.apparmor.service - Load AppArmor profiles managed internally by snapd was skipped because of an unmet condition check (ConditionSecurity=apparmor).
Nov 11 19:29:00 LAPTOP-THASAN systemd[1]: Starting systemd-binfmt.service - Set Up Additional Binary Formats...
Nov 11 19:29:00 LAPTOP-THASAN systemd[1]: Starting systemd-udevd.service - Rule-based Manager for Device Events and Files...
Nov 11 19:29:00 LAPTOP-THASAN systemd[1]: Finished console-setup.service - Set console font and keymap.
Nov 11 19:29:00 LAPTOP-THASAN systemd[1]: Finished systemd-udev-trigger.service - Coldplug All udev Devices.
Nov 11 19:29:00 LAPTOP-THASAN systemd[1]: Finished systemd-binfmt.service - Set Up Additional Binary Formats.
Nov 11 19:29:00 LAPTOP-THASAN systemd[1]: Finished systemd-journal-flush.service - Flush Journal to Persistent Storage.
Nov 11 19:29:00 LAPTOP-THASAN systemd[1]: Starting systemd-tmpfiles-setup.service - Create Volatile Files and Directories...
Nov 11 19:29:00 LAPTOP-THASAN systemd-udevd[89]: Using default interface naming scheme 'v255'.
Nov 11 19:29:00 LAPTOP-THASAN systemd[1]: Finished systemd-tmpfiles-setup.service - Create Volatile Files and Directories.
Nov 11 19:29:00 LAPTOP-THASAN systemd[1]: systemd-firstboot.service - First Boot Wizard was skipped because of an unmet condition check (ConditionFirstBoot=yes).
Nov 11 19:29:00 LAPTOP-THASAN systemd[1]: first-boot-complete.target - First Boot Complete was skipped because of an unmet condition check (ConditionFirstBoot=yes).
Nov 11 19:29:00 LAPTOP-THASAN systemd[1]: systemd-journal-catalog-update.service - Rebuild Journal Catalog was skipped because of an unmet condition check (ConditionNeedsUpdate=/var).
Nov 11 19:29:00 LAPTOP-THASAN systemd[1]: systemd-machine-id-commit.service - Commit a transient machine-id on disk was skipped because of an unmet condition check (ConditionPathIsMountPoint=/etc/machine-id).
Nov 11 19:29:00 LAPTOP-THASAN systemd[1]: Starting systemd-resolved.service - Network Name Resolution...
Nov 11 19:29:00 LAPTOP-THASAN systemd[1]: Starting systemd-timesyncd.service - Network Time Synchronization...
Nov 11 19:29:00 LAPTOP-THASAN systemd[1]: systemd-update-done.service - Update is Completed was skipped because no trigger condition checks were met.
Nov 11 19:29:00 LAPTOP-THASAN systemd[1]: Starting systemd-update-utmp.service - Record System Boot/Shutdown in UTMP...
Nov 11 19:29:00 LAPTOP-THASAN systemd[1]: wslg.service - WSLg Remount Service was skipped because of an unmet condition check (ConditionPathExists=!/tmp/.X11-unix/X0).
Nov 11 19:29:00 LAPTOP-THASAN systemd[1]: Started systemd-udevd.service - Rule-based Manager for Device Events and Files.
Nov 11 19:29:00 LAPTOP-THASAN systemd[1]: Finished systemd-update-utmp.service - Record System Boot/Shutdown in UTMP.
Nov 11 19:29:00 LAPTOP-THASAN kernel: ACPI: AC: AC Adapter [AC1] (off-line)
Nov 11 19:29:00 LAPTOP-THASAN systemd-resolved[104]: Positive Trust Anchors:
Nov 11 19:29:00 LAPTOP-THASAN systemd-resolved[104]: . IN DS 20326 8 2 e06d44b80b8f1d39a95c0b0d7c65d08458e880409bbc683457104237c7f8ec8d
Nov 11 19:29:00 LAPTOP-THASAN systemd-resolved[104]: Negative trust anchors: home.arpa 10.in-addr.arpa 16.172.in-addr.arpa 17.172.in-addr.arpa 18.172.in-addr.arpa 19.172.in-addr.arpa 20.172.in-addr.arpa 21.172.in-addr.arpa 22.172.in-addr.arpa 23.172.in-addr.arpa 24.172.in-addr.arpa 25.172.in-addr.arpa 26.172.in-addr.arpa 27.172.in-addr.arpa 28.172.in-addr.arpa 29.172.in-addr.arpa 30.172.in-addr.arpa 31.172.in-addr.arpa 170.0.0.192.in-addr.arpa 171.0.0.192.in-addr.arpa 168.192.in-addr.arpa d.f.ip6.arpa ipv4only.arpa corp home internal intranet lan local private test
Nov 11 19:29:00 LAPTOP-THASAN systemd[1]: Started systemd-timesyncd.service - Network Time Synchronization.
Nov 11 19:29:00 LAPTOP-THASAN kernel: ACPI: battery: Slot [BAT1] (battery present)
Nov 11 19:29:00 LAPTOP-THASAN systemd[1]: Reached target time-set.target - System Time Set.
Nov 11 19:28:59 LAPTOP-THASAN systemd-timesyncd[114]: Contacted time server 91.189.91.157:123 (ntp.ubuntu.com).
Nov 11 19:28:59 LAPTOP-THASAN systemd-journald[42]: Time jumped backwards, rotating.
Nov 11 19:28:59 LAPTOP-THASAN systemd-timesyncd[114]: Initial clock synchronization to Tue 2025-11-11 19:28:59.869473 EST.
Nov 11 19:28:59 LAPTOP-THASAN systemd-resolved[104]: Using system hostname 'LAPTOP-THASAN'.
Nov 11 19:28:59 LAPTOP-THASAN systemd[1]: Started systemd-resolved.service - Network Name Resolution.
Nov 11 19:28:59 LAPTOP-THASAN systemd[1]: Reached target nss-lookup.target - Host and Network Name Lookups.
Nov 11 19:28:59 LAPTOP-THASAN systemd[1]: Reached target sysinit.target - System Initialization.
Nov 11 19:28:59 LAPTOP-THASAN systemd[1]: apport-autoreport.path - Process error reports when automatic reporting is enabled (file watch) was skipped because of an unmet condition check (ConditionPathExists=/var/lib/apport/autoreport).
Nov 11 19:28:59 LAPTOP-THASAN systemd[1]: apport-autoreport.timer - Process error reports when automatic reporting is enabled (timer based) was skipped because of an unmet condition check (ConditionPathExists=/var/lib/apport/autoreport).
Nov 11 19:28:59 LAPTOP-THASAN systemd[1]: Started apt-daily.timer - Daily apt download activities.
Nov 11 19:28:59 LAPTOP-THASAN systemd[1]: Started apt-daily-upgrade.timer - Daily apt upgrade and clean activities.
Nov 11 19:28:59 LAPTOP-THASAN systemd[1]: Started dpkg-db-backup.timer - Daily dpkg database backup timer.
Nov 11 19:28:59 LAPTOP-THASAN systemd[1]: Started e2scrub_all.timer - Periodic ext4 Online Metadata Check for All Filesystems.
Nov 11 19:28:59 LAPTOP-THASAN systemd[1]: fstrim.timer - Discard unused filesystem blocks once a week was skipped because of an unmet condition check (ConditionVirtualization=!container).
Nov 11 19:28:59 LAPTOP-THASAN systemd[1]: Started logrotate.timer - Daily rotation of log files.
Nov 11 19:28:59 LAPTOP-THASAN systemd[1]: Started man-db.timer - Daily man-db regeneration.
Nov 11 19:28:59 LAPTOP-THASAN systemd[1]: Started motd-news.timer - Message of the Day.
Nov 11 19:28:59 LAPTOP-THASAN systemd[1]: snapd.snap-repair.timer - Timer to automatically fetch and run repair assertions was skipped because no trigger condition checks were met.
Nov 11 19:28:59 LAPTOP-THASAN systemd[1]: Started systemd-tmpfiles-clean.timer - Daily Cleanup of Temporary Directories.
Nov 11 19:28:59 LAPTOP-THASAN systemd[1]: ua-timer.timer - Ubuntu Pro Timer for running repeated jobs was skipped because of an unmet condition check (ConditionPathExists=/var/lib/ubuntu-advantage/private/machine-token.json).
Nov 11 19:28:59 LAPTOP-THASAN systemd[1]: Reached target paths.target - Path Units.
Nov 11 19:28:59 LAPTOP-THASAN systemd[1]: Reached target timers.target - Timer Units.
Nov 11 19:28:59 LAPTOP-THASAN systemd[1]: Listening on apport-forward.socket - Unix socket for apport crash forwarding.
Nov 11 19:28:59 LAPTOP-THASAN systemd[1]: Listening on dbus.socket - D-Bus System Message Bus Socket.
Nov 11 19:28:59 LAPTOP-THASAN systemd[1]: Starting snapd.socket - Socket activation for snappy daemon...
Nov 11 19:28:59 LAPTOP-THASAN systemd[1]: Listening on uuidd.socket - UUID daemon activation socket.
Nov 11 19:28:59 LAPTOP-THASAN systemd[1]: systemd-pcrphase-sysinit.service - TPM2 PCR Barrier (Initialization) was skipped because of an unmet condition check (ConditionSecurity=measured-uki).
Nov 11 19:29:00 LAPTOP-THASAN systemd[1]: Listening on snapd.socket - Socket activation for snappy daemon.
Nov 11 19:29:00 LAPTOP-THASAN systemd[1]: Reached target sockets.target - Socket Units.
Nov 11 19:29:00 LAPTOP-THASAN systemd[1]: Reached target basic.target - Basic System.
Nov 11 19:29:00 LAPTOP-THASAN systemd[1]: apport.service - automatic crash report generation was skipped because of an unmet condition check (ConditionVirtualization=!container).
Nov 11 19:29:00 LAPTOP-THASAN systemd[1]: Started cron.service - Regular background program processing daemon.
Nov 11 19:29:00 LAPTOP-THASAN systemd[1]: Starting dbus.service - D-Bus System Message Bus...
Nov 11 19:29:00 LAPTOP-THASAN (cron)[159]: cron.service: Referenced but unset environment variable evaluates to an empty string: EXTRA_OPTS
Nov 11 19:29:00 LAPTOP-THASAN systemd[1]: Started dmesg.service - Save initial kernel messages after boot.
Nov 11 19:29:00 LAPTOP-THASAN cron[159]: (CRON) INFO (pidfile fd = 3)
Nov 11 19:29:00 LAPTOP-THASAN systemd[1]: Starting dpkg-db-backup.service - Daily dpkg database backup service...
Nov 11 19:29:00 LAPTOP-THASAN cron[159]: (CRON) INFO (Running @reboot jobs)
Nov 11 19:29:00 LAPTOP-THASAN systemd[1]: Starting e2scrub_reap.service - Remove Stale Online ext4 Metadata Check Snapshots...
Nov 11 19:29:00 LAPTOP-THASAN systemd[1]: getty-static.service - getty on tty2-tty6 if dbus and logind are not available was skipped because of an unmet condition check (ConditionPathExists=!/usr/bin/dbus-daemon).
Nov 11 19:29:00 LAPTOP-THASAN systemd[1]: Starting landscape-client.service - Landscape client daemons...
Nov 11 19:29:00 LAPTOP-THASAN systemd[1]: networkd-dispatcher.service - Dispatcher daemon for systemd-networkd was skipped because no trigger condition checks were met.
Nov 11 19:29:00 LAPTOP-THASAN systemd[1]: Starting rsyslog.service - System Logging Service...
Nov 11 19:29:00 LAPTOP-THASAN systemd[1]: snapd.core-fixup.service - Automatically repair incorrect owner/permissions on core devices was skipped because no trigger condition checks were met.
Nov 11 19:29:00 LAPTOP-THASAN systemd[1]: snapd.recovery-chooser-trigger.service - Wait for the Ubuntu Core chooser trigger was skipped because of an unmet condition check (ConditionPathExistsGlob=/dev/input/event*).
Nov 11 19:29:00 LAPTOP-THASAN systemd[1]: Reached target getty-pre.target - Preparation for Logins.
Nov 11 19:29:00 LAPTOP-THASAN systemd[1]: Starting snapd.seeded.service - Wait until snapd is fully seeded...
Nov 11 19:29:00 LAPTOP-THASAN systemd[1]: Starting snapd.service - Snap Daemon...
Nov 11 19:29:00 LAPTOP-THASAN systemd[1]: Starting systemd-logind.service - User Login Management...
Nov 11 19:29:00 LAPTOP-THASAN systemd[1]: systemd-pcrphase.service - TPM2 PCR Barrier (User) was skipped because of an unmet condition check (ConditionSecurity=measured-uki).
Nov 11 19:29:00 LAPTOP-THASAN systemd[1]: Starting systemd-user-sessions.service - Permit User Sessions...
Nov 11 19:29:00 LAPTOP-THASAN systemd[1]: ua-reboot-cmds.service - Ubuntu Pro reboot cmds was skipped because of an unmet condition check (ConditionPathExists=/var/lib/ubuntu-advantage/private/machine-token.json).
Nov 11 19:29:00 LAPTOP-THASAN systemd[1]: ubuntu-advantage.service - Ubuntu Pro Background Auto Attach was skipped because no trigger condition checks were met.
Nov 11 19:29:00 LAPTOP-THASAN systemd[1]: Starting wsl-pro.service - Bridge to Ubuntu Pro agent on Windows...
Nov 11 19:29:00 LAPTOP-THASAN systemd[1]: logrotate.service - Rotate log files was skipped because of an unmet condition check (ConditionACPower=true).
Nov 11 19:29:00 LAPTOP-THASAN systemd[1]: Started dbus.service - D-Bus System Message Bus.
Nov 11 19:29:00 LAPTOP-THASAN systemd[1]: e2scrub_reap.service: Deactivated successfully.
Nov 11 19:29:00 LAPTOP-THASAN systemd[1]: Finished e2scrub_reap.service - Remove Stale Online ext4 Metadata Check Snapshots.
Nov 11 19:29:00 LAPTOP-THASAN systemd[1]: Finished systemd-user-sessions.service - Permit User Sessions.
Nov 11 19:29:00 LAPTOP-THASAN systemd[1]: Started console-getty.service - Console Getty.
Nov 11 19:29:00 LAPTOP-THASAN systemd[1]: Starting setvtrgb.service - Set console scheme...
Nov 11 19:29:00 LAPTOP-THASAN systemd[1]: Finished setvtrgb.service - Set console scheme.
Nov 11 19:29:00 LAPTOP-THASAN systemd[1]: Created slice system-getty.slice - Slice /system/getty.
Nov 11 19:29:00 LAPTOP-THASAN systemd[1]: Started getty@tty1.service - Getty on tty1.
Nov 11 19:29:00 LAPTOP-THASAN systemd[1]: Reached target getty.target - Login Prompts.
Nov 11 19:29:00 LAPTOP-THASAN rsyslogd[217]: imuxsock: Acquired UNIX socket '/run/systemd/journal/syslog' (fd 3) from systemd.  [v8.2312.0]
Nov 11 19:29:00 LAPTOP-THASAN systemd[1]: Started rsyslog.service - System Logging Service.
Nov 11 19:29:00 LAPTOP-THASAN rsyslogd[217]: rsyslogd's groupid changed to 102
Nov 11 19:29:00 LAPTOP-THASAN rsyslogd[217]: rsyslogd's userid changed to 102
Nov 11 19:29:00 LAPTOP-THASAN rsyslogd[217]: [origin software="rsyslogd" swVersion="8.2312.0" x-pid="217" x-info="https://www.rsyslog.com"] start
Nov 11 19:29:00 LAPTOP-THASAN systemd-logind[178]: New seat seat0.
Nov 11 19:29:00 LAPTOP-THASAN systemd[1]: Started systemd-logind.service - User Login Management.
Nov 11 19:29:00 LAPTOP-THASAN systemd[1]: Started unattended-upgrades.service - Unattended Upgrades Shutdown.
Nov 11 19:29:00 LAPTOP-THASAN kernel: kvm_intel: Using Hyper-V Enlightened VMCS
Nov 11 19:29:00 LAPTOP-THASAN snapd[171]: overlord.go:284: Acquiring state lock file
Nov 11 19:29:00 LAPTOP-THASAN snapd[171]: overlord.go:289: Acquired state lock file
Nov 11 19:29:00 LAPTOP-THASAN snapd[171]: daemon.go:250: started snapd/2.68.5+ubuntu24.04.1 (series 16; classic; devmode; wsl) ubuntu/24.04 (amd64) linux/6.6.87.2-microsoft-standa.
Nov 11 19:29:00 LAPTOP-THASAN wsl-pro-service[195]: INFO Starting WSL Pro Service version v0.1.4
Nov 11 19:29:00 LAPTOP-THASAN wsl-pro-service[195]: DEBUG Debug mode is enabled
Nov 11 19:29:00 LAPTOP-THASAN wsl-pro-service[195]: DEBUG Building new daemon
Nov 11 19:29:00 LAPTOP-THASAN systemd[1]: dpkg-db-backup.service: Deactivated successfully.
Nov 11 19:29:00 LAPTOP-THASAN systemd[1]: Finished dpkg-db-backup.service - Daily dpkg database backup service.
Nov 11 19:29:00 LAPTOP-THASAN systemd[1]: tmp-syscheck\x2dmountpoint\x2d3127432844.mount: Deactivated successfully.
Nov 11 19:29:00 LAPTOP-THASAN snapd[171]: daemon.go:353: adjusting startup timeout by 30s (pessimistic estimate of 30s plus 5s per snap)
Nov 11 19:29:00 LAPTOP-THASAN snapd[171]: backends.go:68: AppArmor status: apparmor not enabled
Nov 11 19:29:00 LAPTOP-THASAN kernel: intel_rapl_msr: PL4 support detected.
Nov 11 19:29:00 LAPTOP-THASAN systemd[1]: Started snapd.service - Snap Daemon.
Nov 11 19:29:00 LAPTOP-THASAN dbus-daemon[160]: [system] Activating via systemd: service name='org.freedesktop.timedate1' unit='dbus-org.freedesktop.timedate1.service' requested by ':1.4' (uid=0 pid=171 comm="/usr/lib/snapd/snapd" label="kernel")
Nov 11 19:29:00 LAPTOP-THASAN wsl-pro-service[195]: DEBUG Ready state sent to systemd
Nov 11 19:29:00 LAPTOP-THASAN wsl-pro-service[195]: INFO Daemon: connecting to Windows Agent
Nov 11 19:29:00 LAPTOP-THASAN wsl-pro-service[195]: DEBUG Updated systemd status to "Connecting"
Nov 11 19:29:00 LAPTOP-THASAN systemd[1]: Starting systemd-timedated.service - Time & Date Service...
Nov 11 19:29:00 LAPTOP-THASAN wsl-pro-service[195]: WARNING Daemon: could not connect to Windows Agent: could not get address: could not read agent port file "/mnt/c/Users/thasa/.ubuntupro/.address": open /mnt/c/Users/thasa/.ubuntupro/.address: no such file or directory
Nov 11 19:29:00 LAPTOP-THASAN wsl-pro-service[195]: INFO Reconnecting to Windows host in 1 seconds
Nov 11 19:29:00 LAPTOP-THASAN wsl-pro-service[195]: DEBUG Updated systemd status to "Not connected: waiting to retry"
Nov 11 19:29:00 LAPTOP-THASAN systemd[1]: Started wsl-pro.service - Bridge to Ubuntu Pro agent on Windows.
Nov 11 19:29:00 LAPTOP-THASAN dbus-daemon[160]: [system] Successfully activated service 'org.freedesktop.timedate1'
Nov 11 19:29:00 LAPTOP-THASAN systemd[1]: Started systemd-timedated.service - Time & Date Service.
Nov 11 19:29:00 LAPTOP-THASAN systemd[1]: Finished snapd.seeded.service - Wait until snapd is fully seeded.
Nov 11 19:29:00 LAPTOP-THASAN systemd[1]: snapd.autoimport.service - Auto import assertions from block devices was skipped because no trigger condition checks were met.
Nov 11 19:29:00 LAPTOP-THASAN kernel: TCP: eth0: Driver has suspect GRO implementation, TCP performance may be compromised.
Nov 11 19:29:01 LAPTOP-THASAN landscape-config[164]: Registered:    False
Nov 11 19:29:01 LAPTOP-THASAN landscape-config[164]: Config Path:   /etc/landscape/client.conf
Nov 11 19:29:01 LAPTOP-THASAN landscape-config[164]: Data Path      /var/lib/landscape/client
Nov 11 19:29:01 LAPTOP-THASAN systemd[1]: landscape-client.service: Skipped due to 'exec-condition'.
Nov 11 19:29:01 LAPTOP-THASAN systemd[1]: Condition check resulted in landscape-client.service - Landscape client daemons being skipped.
Nov 11 19:29:01 LAPTOP-THASAN systemd[1]: Reached target multi-user.target - Multi-User System.
Nov 11 19:29:01 LAPTOP-THASAN systemd[1]: Reached target graphical.target - Graphical Interface.
Nov 11 19:29:01 LAPTOP-THASAN systemd[1]: Starting systemd-update-utmp-runlevel.service - Record Runlevel Change in UTMP...
Nov 11 19:29:01 LAPTOP-THASAN systemd[1]: systemd-update-utmp-runlevel.service: Deactivated successfully.
Nov 11 19:29:01 LAPTOP-THASAN systemd[1]: Finished systemd-update-utmp-runlevel.service - Record Runlevel Change in UTMP.
Nov 11 19:29:01 LAPTOP-THASAN systemd[1]: Startup finished in 1.931s.
Nov 11 19:29:01 LAPTOP-THASAN login[364]: PAM unable to dlopen(pam_lastlog.so): /usr/lib/security/pam_lastlog.so: cannot open shared object file: No such file or directory
Nov 11 19:29:01 LAPTOP-THASAN login[364]: PAM adding faulty module: pam_lastlog.so
Nov 11 19:29:01 LAPTOP-THASAN systemd[1]: dmesg.service: Deactivated successfully.
Nov 11 19:29:01 LAPTOP-THASAN wsl-pro-service[195]: INFO Daemon: connecting to Windows Agent
Nov 11 19:29:01 LAPTOP-THASAN wsl-pro-service[195]: DEBUG Updated systemd status to "Connecting"
Nov 11 19:29:01 LAPTOP-THASAN wsl-pro-service[195]: WARNING Daemon: could not connect to Windows Agent: could not get address: could not read agent port file "/mnt/c/Users/thasa/.ubuntupro/.address": open /mnt/c/Users/thasa/.ubuntupro/.address: no such file or directory
Nov 11 19:29:01 LAPTOP-THASAN wsl-pro-service[195]: INFO Reconnecting to Windows host in 2 seconds
Nov 11 19:29:01 LAPTOP-THASAN wsl-pro-service[195]: DEBUG Updated systemd status to "Not connected: waiting to retry"
Nov 11 19:29:01 LAPTOP-THASAN login[364]: pam_unix(login:session): session opened for user thasa(uid=1000) by thasa(uid=0)
Nov 11 19:29:01 LAPTOP-THASAN systemd-logind[178]: New session 1 of user thasa.
Nov 11 19:29:01 LAPTOP-THASAN systemd[1]: Created slice user-1000.slice - User Slice of UID 1000.
Nov 11 19:29:01 LAPTOP-THASAN systemd[1]: Starting user-runtime-dir@1000.service - User Runtime Directory /run/user/1000...
Nov 11 19:29:01 LAPTOP-THASAN systemd[1]: Finished user-runtime-dir@1000.service - User Runtime Directory /run/user/1000.
Nov 11 19:29:01 LAPTOP-THASAN systemd[1]: Starting user@1000.service - User Manager for UID 1000...
Nov 11 19:29:01 LAPTOP-THASAN (systemd)[410]: pam_unix(systemd-user:session): session opened for user thasa(uid=1000) by thasa(uid=0)
Nov 11 19:29:01 LAPTOP-THASAN systemd[410]: Queued start job for default target default.target.
Nov 11 19:29:01 LAPTOP-THASAN systemd[410]: Created slice app.slice - User Application Slice.
Nov 11 19:29:01 LAPTOP-THASAN systemd[410]: Started launchpadlib-cache-clean.timer - Clean up old files in the Launchpadlib cache.
Nov 11 19:29:01 LAPTOP-THASAN systemd[410]: Reached target paths.target - Paths.
Nov 11 19:29:01 LAPTOP-THASAN systemd[410]: Reached target timers.target - Timers.
Nov 11 19:29:01 LAPTOP-THASAN systemd[410]: Starting dbus.socket - D-Bus User Message Bus Socket...
Nov 11 19:29:01 LAPTOP-THASAN systemd[410]: Listening on dirmngr.socket - GnuPG network certificate management daemon.
Nov 11 19:29:01 LAPTOP-THASAN systemd[410]: Listening on gpg-agent-browser.socket - GnuPG cryptographic agent and passphrase cache (access for web browsers).
Nov 11 19:29:01 LAPTOP-THASAN systemd[410]: Listening on gpg-agent-extra.socket - GnuPG cryptographic agent and passphrase cache (restricted).
Nov 11 19:29:01 LAPTOP-THASAN systemd[410]: Starting gpg-agent-ssh.socket - GnuPG cryptographic agent (ssh-agent emulation)...
Nov 11 19:29:01 LAPTOP-THASAN systemd[410]: Listening on gpg-agent.socket - GnuPG cryptographic agent and passphrase cache.
Nov 11 19:29:01 LAPTOP-THASAN systemd[410]: Listening on keyboxd.socket - GnuPG public key management service.
Nov 11 19:29:01 LAPTOP-THASAN systemd[410]: Listening on pk-debconf-helper.socket - debconf communication socket.
Nov 11 19:29:01 LAPTOP-THASAN systemd[410]: Listening on snapd.session-agent.socket - REST API socket for snapd user session agent.
Nov 11 19:29:01 LAPTOP-THASAN systemd[410]: Starting wslg-session.service - WSLg user service...
Nov 11 19:29:01 LAPTOP-THASAN systemd[410]: Listening on dbus.socket - D-Bus User Message Bus Socket.
Nov 11 19:29:01 LAPTOP-THASAN systemd[410]: Listening on gpg-agent-ssh.socket - GnuPG cryptographic agent (ssh-agent emulation).
Nov 11 19:29:01 LAPTOP-THASAN systemd[410]: Reached target sockets.target - Sockets.
Nov 11 19:29:01 LAPTOP-THASAN systemd[410]: Reached target basic.target - Basic System.
Nov 11 19:29:01 LAPTOP-THASAN systemd[410]: Reached target default.target - Main User Target.
Nov 11 19:29:01 LAPTOP-THASAN systemd[1]: Started user@1000.service - User Manager for UID 1000.
Nov 11 19:29:01 LAPTOP-THASAN systemd[1]: Started session-1.scope - Session 1 of User thasa.
Nov 11 19:29:01 LAPTOP-THASAN systemd[410]: Finished wslg-session.service - WSLg user service.
Nov 11 19:29:01 LAPTOP-THASAN systemd[410]: Startup finished in 205ms.
Nov 11 19:29:03 LAPTOP-THASAN wsl-pro-service[195]: INFO Daemon: connecting to Windows Agent
Nov 11 19:29:03 LAPTOP-THASAN wsl-pro-service[195]: DEBUG Updated systemd status to "Connecting"
Nov 11 19:29:03 LAPTOP-THASAN wsl-pro-service[195]: WARNING Daemon: could not connect to Windows Agent: could not get address: could not read agent port file "/mnt/c/Users/thasa/.ubuntupro/.address": open /mnt/c/Users/thasa/.ubuntupro/.address: no such file or directory
Nov 11 19:29:03 LAPTOP-THASAN wsl-pro-service[195]: INFO Reconnecting to Windows host in 4 seconds
Nov 11 19:29:03 LAPTOP-THASAN wsl-pro-service[195]: DEBUG Updated systemd status to "Not connected: waiting to retry"
Nov 11 19:29:05 LAPTOP-THASAN snapd[171]: daemon.go:548: gracefully waiting for running hooks
Nov 11 19:29:05 LAPTOP-THASAN snapd[171]: daemon.go:550: done waiting for running hooks
Nov 11 19:29:07 LAPTOP-THASAN wsl-pro-service[195]: INFO Daemon: connecting to Windows Agent
Nov 11 19:29:07 LAPTOP-THASAN wsl-pro-service[195]: DEBUG Updated systemd status to "Connecting"
Nov 11 19:29:07 LAPTOP-THASAN wsl-pro-service[195]: WARNING Daemon: could not connect to Windows Agent: could not get address: could not read agent port file "/mnt/c/Users/thasa/.ubuntupro/.address": open /mnt/c/Users/thasa/.ubuntupro/.address: no such file or directory
Nov 11 19:29:07 LAPTOP-THASAN wsl-pro-service[195]: INFO Reconnecting to Windows host in 8 seconds
Nov 11 19:29:07 LAPTOP-THASAN wsl-pro-service[195]: DEBUG Updated systemd status to "Not connected: waiting to retry"
Nov 11 19:29:08 LAPTOP-THASAN snapd[171]: overlord.go:528: Released state lock file
Nov 11 19:29:08 LAPTOP-THASAN snapd[171]: daemon stop requested to wait for socket activation
Nov 11 19:29:08 LAPTOP-THASAN systemd[1]: snapd.service: Deactivated successfully.
Nov 11 19:29:15 LAPTOP-THASAN wsl-pro-service[195]: INFO Daemon: connecting to Windows Agent
Nov 11 19:29:15 LAPTOP-THASAN wsl-pro-service[195]: DEBUG Updated systemd status to "Connecting"
Nov 11 19:29:15 LAPTOP-THASAN wsl-pro-service[195]: WARNING Daemon: could not connect to Windows Agent: could not get address: could not read agent port file "/mnt/c/Users/thasa/.ubuntupro/.address": open /mnt/c/Users/thasa/.ubuntupro/.address: no such file or directory
Nov 11 19:29:15 LAPTOP-THASAN wsl-pro-service[195]: INFO Reconnecting to Windows host in 16 seconds
Nov 11 19:29:15 LAPTOP-THASAN wsl-pro-service[195]: DEBUG Updated systemd status to "Not connected: waiting to retry"
Nov 11 19:29:30 LAPTOP-THASAN systemd[1]: systemd-timedated.service: Deactivated successfully.
Nov 11 19:29:31 LAPTOP-THASAN wsl-pro-service[195]: INFO Daemon: connecting to Windows Agent
Nov 11 19:29:31 LAPTOP-THASAN wsl-pro-service[195]: DEBUG Updated systemd status to "Connecting"
Nov 11 19:29:31 LAPTOP-THASAN wsl-pro-service[195]: WARNING Daemon: could not connect to Windows Agent: could not get address: could not read agent port file "/mnt/c/Users/thasa/.ubuntupro/.address": open /mnt/c/Users/thasa/.ubuntupro/.address: no such file or directory
Nov 11 19:29:31 LAPTOP-THASAN wsl-pro-service[195]: INFO Reconnecting to Windows host in 32 seconds
Nov 11 19:29:31 LAPTOP-THASAN wsl-pro-service[195]: DEBUG Updated systemd status to "Not connected: waiting to retry"
Nov 11 19:29:45 LAPTOP-THASAN unknown: WSL (217) ERROR: CheckConnection: getaddrinfo() failed: -5
Nov 11 19:29:45 LAPTOP-THASAN kernel: hv_balloon: Max. dynamic memory size: 8012 MB
Nov 11 19:30:03 LAPTOP-THASAN wsl-pro-service[195]: INFO Daemon: connecting to Windows Agent
Nov 11 19:30:03 LAPTOP-THASAN wsl-pro-service[195]: DEBUG Updated systemd status to "Connecting"
Nov 11 19:30:03 LAPTOP-THASAN wsl-pro-service[195]: WARNING Daemon: could not connect to Windows Agent: could not get address: could not read agent port file "/mnt/c/Users/thasa/.ubuntupro/.address": open /mnt/c/Users/thasa/.ubuntupro/.address: no such file or directory
Nov 11 19:30:03 LAPTOP-THASAN wsl-pro-service[195]: INFO Reconnecting to Windows host in 60 seconds
Nov 11 19:30:03 LAPTOP-THASAN wsl-pro-service[195]: DEBUG Updated systemd status to "Not connected: waiting to retry"
Nov 11 19:30:03 LAPTOP-THASAN systemd[1]: e2scrub_all.service - Online ext4 Metadata Check for All Filesystems was skipped because of an unmet condition check (ConditionACPower=true).
Nov 11 19:30:03 LAPTOP-THASAN systemd-resolved[104]: Clock change detected. Flushing caches.
Nov 11 19:30:35 LAPTOP-THASAN systemd-resolved[104]: Clock change detected. Flushing caches.
Nov 11 19:31:02 LAPTOP-THASAN wsl-pro-service[195]: INFO Daemon: connecting to Windows Agent
Nov 11 19:31:02 LAPTOP-THASAN wsl-pro-service[195]: DEBUG Updated systemd status to "Connecting"
Nov 11 19:31:02 LAPTOP-THASAN wsl-pro-service[195]: WARNING Daemon: could not connect to Windows Agent: could not get address: could not read agent port file "/mnt/c/Users/thasa/.ubuntupro/.address": open /mnt/c/Users/thasa/.ubuntupro/.address: no such file or directory
Nov 11 19:31:02 LAPTOP-THASAN wsl-pro-service[195]: INFO Reconnecting to Windows host in 60 seconds
Nov 11 19:31:02 LAPTOP-THASAN wsl-pro-service[195]: DEBUG Updated systemd status to "Not connected: waiting to retry"
Nov 11 19:31:06 LAPTOP-THASAN systemd-resolved[104]: Clock change detected. Flushing caches.
Nov 11 19:31:37 LAPTOP-THASAN systemd-resolved[104]: Clock change detected. Flushing caches.
Nov 11 19:32:00 LAPTOP-THASAN wsl-pro-service[195]: INFO Daemon: connecting to Windows Agent
Nov 11 19:32:00 LAPTOP-THASAN wsl-pro-service[195]: DEBUG Updated systemd status to "Connecting"
Nov 11 19:32:00 LAPTOP-THASAN wsl-pro-service[195]: WARNING Daemon: could not connect to Windows Agent: could not get address: could not read agent port file "/mnt/c/Users/thasa/.ubuntupro/.address": open /mnt/c/Users/thasa/.ubuntupro/.address: no such file or directory
Nov 11 19:32:00 LAPTOP-THASAN wsl-pro-service[195]: INFO Reconnecting to Windows host in 60 seconds
Nov 11 19:32:00 LAPTOP-THASAN wsl-pro-service[195]: DEBUG Updated systemd status to "Not connected: waiting to retry"
Nov 11 19:32:09 LAPTOP-THASAN systemd-resolved[104]: Clock change detected. Flushing caches.
Nov 11 19:32:40 LAPTOP-THASAN systemd-resolved[104]: Clock change detected. Flushing caches.
Nov 11 19:32:58 LAPTOP-THASAN wsl-pro-service[195]: INFO Daemon: connecting to Windows Agent
Nov 11 19:32:58 LAPTOP-THASAN wsl-pro-service[195]: DEBUG Updated systemd status to "Connecting"
Nov 11 19:32:58 LAPTOP-THASAN wsl-pro-service[195]: WARNING Daemon: could not connect to Windows Agent: could not get address: could not read agent port file "/mnt/c/Users/thasa/.ubuntupro/.address": open /mnt/c/Users/thasa/.ubuntupro/.address: no such file or directory
Nov 11 19:32:58 LAPTOP-THASAN wsl-pro-service[195]: INFO Reconnecting to Windows host in 60 seconds
Nov 11 19:32:58 LAPTOP-THASAN wsl-pro-service[195]: DEBUG Updated systemd status to "Not connected: waiting to retry"
Nov 11 19:33:12 LAPTOP-THASAN systemd-resolved[104]: Clock change detected. Flushing caches.
Nov 11 19:33:43 LAPTOP-THASAN systemd-resolved[104]: Clock change detected. Flushing caches.
Nov 11 19:33:57 LAPTOP-THASAN wsl-pro-service[195]: INFO Daemon: connecting to Windows Agent
Nov 11 19:33:57 LAPTOP-THASAN wsl-pro-service[195]: DEBUG Updated systemd status to "Connecting"
Nov 11 19:33:57 LAPTOP-THASAN wsl-pro-service[195]: WARNING Daemon: could not connect to Windows Agent: could not get address: could not read agent port file "/mnt/c/Users/thasa/.ubuntupro/.address": open /mnt/c/Users/thasa/.ubuntupro/.address: no such file or directory
Nov 11 19:33:57 LAPTOP-THASAN wsl-pro-service[195]: INFO Reconnecting to Windows host in 60 seconds
Nov 11 19:33:57 LAPTOP-THASAN wsl-pro-service[195]: DEBUG Updated systemd status to "Not connected: waiting to retry"
Nov 11 19:34:15 LAPTOP-THASAN systemd-resolved[104]: Clock change detected. Flushing caches.
Nov 11 19:34:15 LAPTOP-THASAN systemd[1]: apt-daily-upgrade.service - Daily apt upgrade and clean activities was skipped because of an unmet condition check (ConditionACPower=true).
Nov 11 19:34:26 LAPTOP-THASAN systemd[410]: launchpadlib-cache-clean.service - Clean up old files in the Launchpadlib cache was skipped because of an unmet condition check (ConditionPathExists=/home/thasa/.launchpadlib/api.launchpad.net/cache).
Nov 11 19:34:46 LAPTOP-THASAN systemd-resolved[104]: Clock change detected. Flushing caches.
Nov 11 19:34:55 LAPTOP-THASAN wsl-pro-service[195]: INFO Daemon: connecting to Windows Agent
Nov 11 19:34:55 LAPTOP-THASAN wsl-pro-service[195]: DEBUG Updated systemd status to "Connecting"
Nov 11 19:34:55 LAPTOP-THASAN wsl-pro-service[195]: WARNING Daemon: could not connect to Windows Agent: could not get address: could not read agent port file "/mnt/c/Users/thasa/.ubuntupro/.address": open /mnt/c/Users/thasa/.ubuntupro/.address: no such file or directory
Nov 11 19:34:55 LAPTOP-THASAN wsl-pro-service[195]: INFO Reconnecting to Windows host in 60 seconds
Nov 11 19:34:55 LAPTOP-THASAN wsl-pro-service[195]: DEBUG Updated systemd status to "Not connected: waiting to retry"
Nov 11 19:35:17 LAPTOP-THASAN systemd-resolved[104]: Clock change detected. Flushing caches.
Nov 11 19:35:49 LAPTOP-THASAN systemd-resolved[104]: Clock change detected. Flushing caches.
Nov 11 19:35:54 LAPTOP-THASAN wsl-pro-service[195]: INFO Daemon: connecting to Windows Agent
Nov 11 19:35:54 LAPTOP-THASAN wsl-pro-service[195]: DEBUG Updated systemd status to "Connecting"
Nov 11 19:35:54 LAPTOP-THASAN wsl-pro-service[195]: WARNING Daemon: could not connect to Windows Agent: could not get address: could not read agent port file "/mnt/c/Users/thasa/.ubuntupro/.address": open /mnt/c/Users/thasa/.ubuntupro/.address: no such file or directory
Nov 11 19:35:54 LAPTOP-THASAN wsl-pro-service[195]: INFO Reconnecting to Windows host in 60 seconds
Nov 11 19:35:54 LAPTOP-THASAN wsl-pro-service[195]: DEBUG Updated systemd status to "Not connected: waiting to retry"
Nov 11 19:36:20 LAPTOP-THASAN systemd-resolved[104]: Clock change detected. Flushing caches.
Nov 11 19:36:20 LAPTOP-THASAN systemd[1]: Starting motd-news.service - Message of the Day...
Nov 11 19:36:52 LAPTOP-THASAN systemd-resolved[104]: Clock change detected. Flushing caches.
Nov 11 19:36:52 LAPTOP-THASAN wsl-pro-service[195]: INFO Daemon: connecting to Windows Agent
Nov 11 19:36:52 LAPTOP-THASAN wsl-pro-service[195]: DEBUG Updated systemd status to "Connecting"
Nov 11 19:36:52 LAPTOP-THASAN wsl-pro-service[195]: WARNING Daemon: could not connect to Windows Agent: could not get address: could not read agent port file "/mnt/c/Users/thasa/.ubuntupro/.address": open /mnt/c/Users/thasa/.ubuntupro/.address: no such file or directory
Nov 11 19:36:52 LAPTOP-THASAN wsl-pro-service[195]: INFO Reconnecting to Windows host in 60 seconds
Nov 11 19:36:52 LAPTOP-THASAN wsl-pro-service[195]: DEBUG Updated systemd status to "Not connected: waiting to retry"
Nov 11 19:37:23 LAPTOP-THASAN systemd-resolved[104]: Clock change detected. Flushing caches.
Nov 11 19:37:28 LAPTOP-THASAN 50-motd-news[647]:  * Strictly confined Kubernetes makes edge and IoT secure. Learn how MicroK8s
Nov 11 19:37:28 LAPTOP-THASAN 50-motd-news[647]:    just raised the bar for easy, resilient and secure K8s cluster deployment.
Nov 11 19:37:28 LAPTOP-THASAN 50-motd-news[647]:    https://ubuntu.com/engage/secure-kubernetes-at-the-edge
Nov 11 19:37:28 LAPTOP-THASAN systemd[1]: motd-news.service: Deactivated successfully.
Nov 11 19:37:28 LAPTOP-THASAN systemd[1]: Finished motd-news.service - Message of the Day.
Nov 11 19:37:51 LAPTOP-THASAN wsl-pro-service[195]: INFO Daemon: connecting to Windows Agent
Nov 11 19:37:51 LAPTOP-THASAN wsl-pro-service[195]: DEBUG Updated systemd status to "Connecting"
Nov 11 19:37:51 LAPTOP-THASAN wsl-pro-service[195]: WARNING Daemon: could not connect to Windows Agent: could not get address: could not read agent port file "/mnt/c/Users/thasa/.ubuntupro/.address": open /mnt/c/Users/thasa/.ubuntupro/.address: no such file or directory
Nov 11 19:37:51 LAPTOP-THASAN wsl-pro-service[195]: INFO Reconnecting to Windows host in 60 seconds
Nov 11 19:37:51 LAPTOP-THASAN wsl-pro-service[195]: DEBUG Updated systemd status to "Not connected: waiting to retry"
Nov 11 19:37:55 LAPTOP-THASAN systemd-resolved[104]: Clock change detected. Flushing caches.
Nov 11 19:38:26 LAPTOP-THASAN systemd-resolved[104]: Clock change detected. Flushing caches.
Nov 11 19:38:43 LAPTOP-THASAN kernel: mini_init (199): drop_caches: 1
Nov 11 19:38:50 LAPTOP-THASAN wsl-pro-service[195]: INFO Daemon: connecting to Windows Agent
Nov 11 19:38:50 LAPTOP-THASAN wsl-pro-service[195]: DEBUG Updated systemd status to "Connecting"
Nov 11 19:38:50 LAPTOP-THASAN wsl-pro-service[195]: WARNING Daemon: could not connect to Windows Agent: could not get address: could not read agent port file "/mnt/c/Users/thasa/.ubuntupro/.address": open /mnt/c/Users/thasa/.ubuntupro/.address: no such file or directory
Nov 11 19:38:50 LAPTOP-THASAN wsl-pro-service[195]: INFO Reconnecting to Windows host in 60 seconds
Nov 11 19:38:50 LAPTOP-THASAN wsl-pro-service[195]: DEBUG Updated systemd status to "Not connected: waiting to retry"
Nov 11 19:38:57 LAPTOP-THASAN systemd-resolved[104]: Clock change detected. Flushing caches.
Nov 11 19:39:29 LAPTOP-THASAN systemd-resolved[104]: Clock change detected. Flushing caches.
Nov 11 19:39:48 LAPTOP-THASAN wsl-pro-service[195]: INFO Daemon: connecting to Windows Agent
Nov 11 19:39:48 LAPTOP-THASAN wsl-pro-service[195]: DEBUG Updated systemd status to "Connecting"
Nov 11 19:39:48 LAPTOP-THASAN wsl-pro-service[195]: WARNING Daemon: could not connect to Windows Agent: could not get address: could not read agent port file "/mnt/c/Users/thasa/.ubuntupro/.address": open /mnt/c/Users/thasa/.ubuntupro/.address: no such file or directory
Nov 11 19:39:48 LAPTOP-THASAN wsl-pro-service[195]: INFO Reconnecting to Windows host in 60 seconds
Nov 11 19:39:48 LAPTOP-THASAN wsl-pro-service[195]: DEBUG Updated systemd status to "Not connected: waiting to retry"
Nov 11 19:40:00 LAPTOP-THASAN systemd-resolved[104]: Clock change detected. Flushing caches.
Nov 11 19:40:31 LAPTOP-THASAN systemd-resolved[104]: Clock change detected. Flushing caches.
Nov 11 19:40:46 LAPTOP-THASAN wsl-pro-service[195]: INFO Daemon: connecting to Windows Agent
Nov 11 19:40:46 LAPTOP-THASAN wsl-pro-service[195]: DEBUG Updated systemd status to "Connecting"
Nov 11 19:40:46 LAPTOP-THASAN wsl-pro-service[195]: WARNING Daemon: could not connect to Windows Agent: could not get address: could not read agent port file "/mnt/c/Users/thasa/.ubuntupro/.address": open /mnt/c/Users/thasa/.ubuntupro/.address: no such file or directory
Nov 11 19:40:46 LAPTOP-THASAN wsl-pro-service[195]: INFO Reconnecting to Windows host in 60 seconds
Nov 11 19:40:46 LAPTOP-THASAN wsl-pro-service[195]: DEBUG Updated systemd status to "Not connected: waiting to retry"
Nov 11 19:41:02 LAPTOP-THASAN systemd-resolved[104]: Clock change detected. Flushing caches.
Nov 11 19:41:34 LAPTOP-THASAN systemd-resolved[104]: Clock change detected. Flushing caches.
Nov 11 19:41:44 LAPTOP-THASAN wsl-pro-service[195]: INFO Daemon: connecting to Windows Agent
Nov 11 19:41:44 LAPTOP-THASAN wsl-pro-service[195]: DEBUG Updated systemd status to "Connecting"
Nov 11 19:41:44 LAPTOP-THASAN wsl-pro-service[195]: WARNING Daemon: could not connect to Windows Agent: could not get address: could not read agent port file "/mnt/c/Users/thasa/.ubuntupro/.address": open /mnt/c/Users/thasa/.ubuntupro/.address: no such file or directory
Nov 11 19:41:44 LAPTOP-THASAN wsl-pro-service[195]: INFO Reconnecting to Windows host in 60 seconds
Nov 11 19:41:44 LAPTOP-THASAN wsl-pro-service[195]: DEBUG Updated systemd status to "Not connected: waiting to retry"
Nov 11 19:42:05 LAPTOP-THASAN systemd-resolved[104]: Clock change detected. Flushing caches.
Nov 11 19:42:36 LAPTOP-THASAN systemd-resolved[104]: Clock change detected. Flushing caches.
Nov 11 19:42:42 LAPTOP-THASAN wsl-pro-service[195]: INFO Daemon: connecting to Windows Agent
Nov 11 19:42:42 LAPTOP-THASAN wsl-pro-service[195]: DEBUG Updated systemd status to "Connecting"
Nov 11 19:42:42 LAPTOP-THASAN wsl-pro-service[195]: WARNING Daemon: could not connect to Windows Agent: could not get address: could not read agent port file "/mnt/c/Users/thasa/.ubuntupro/.address": open /mnt/c/Users/thasa/.ubuntupro/.address: no such file or directory
Nov 11 19:42:42 LAPTOP-THASAN wsl-pro-service[195]: INFO Reconnecting to Windows host in 60 seconds
Nov 11 19:42:42 LAPTOP-THASAN wsl-pro-service[195]: DEBUG Updated systemd status to "Not connected: waiting to retry"
Nov 11 19:43:07 LAPTOP-THASAN systemd-resolved[104]: Clock change detected. Flushing caches.
Nov 11 19:43:40 LAPTOP-THASAN systemd[1]: Starting systemd-tmpfiles-clean.service - Cleanup of Temporary Directories...
Nov 11 19:43:39 LAPTOP-THASAN systemd-resolved[104]: Clock change detected. Flushing caches.
Nov 11 19:43:39 LAPTOP-THASAN systemd-journald[42]: Time jumped backwards, rotating.
Nov 11 19:43:39 LAPTOP-THASAN systemd[1]: systemd-tmpfiles-clean.service: Deactivated successfully.
Nov 11 19:43:39 LAPTOP-THASAN systemd[1]: Finished systemd-tmpfiles-clean.service - Cleanup of Temporary Directories.
Nov 11 19:43:40 LAPTOP-THASAN wsl-pro-service[195]: INFO Daemon: connecting to Windows Agent
Nov 11 19:43:40 LAPTOP-THASAN wsl-pro-service[195]: DEBUG Updated systemd status to "Connecting"
Nov 11 19:43:40 LAPTOP-THASAN wsl-pro-service[195]: WARNING Daemon: could not connect to Windows Agent: could not get address: could not read agent port file "/mnt/c/Users/thasa/.ubuntupro/.address": open /mnt/c/Users/thasa/.ubuntupro/.address: no such file or directory
Nov 11 19:43:40 LAPTOP-THASAN wsl-pro-service[195]: INFO Reconnecting to Windows host in 60 seconds
Nov 11 19:43:40 LAPTOP-THASAN wsl-pro-service[195]: DEBUG Updated systemd status to "Not connected: waiting to retry"
Nov 11 19:44:10 LAPTOP-THASAN systemd-resolved[104]: Clock change detected. Flushing caches.
Nov 11 19:44:10 LAPTOP-THASAN systemd[1]: man-db.service - Daily man-db regeneration was skipped because of an unmet condition check (ConditionACPower=true).
Nov 11 19:44:39 LAPTOP-THASAN wsl-pro-service[195]: INFO Daemon: connecting to Windows Agent
Nov 11 19:44:39 LAPTOP-THASAN wsl-pro-service[195]: DEBUG Updated systemd status to "Connecting"
Nov 11 19:44:39 LAPTOP-THASAN wsl-pro-service[195]: WARNING Daemon: could not connect to Windows Agent: could not get address: could not read agent port file "/mnt/c/Users/thasa/.ubuntupro/.address": open /mnt/c/Users/thasa/.ubuntupro/.address: no such file or directory
Nov 11 19:44:39 LAPTOP-THASAN wsl-pro-service[195]: INFO Reconnecting to Windows host in 60 seconds
Nov 11 19:44:39 LAPTOP-THASAN wsl-pro-service[195]: DEBUG Updated systemd status to "Not connected: waiting to retry"
Nov 11 19:44:41 LAPTOP-THASAN systemd-resolved[104]: Clock change detected. Flushing caches.
Nov 11 19:45:12 LAPTOP-THASAN systemd-resolved[104]: Clock change detected. Flushing caches.
Nov 11 19:45:37 LAPTOP-THASAN wsl-pro-service[195]: INFO Daemon: connecting to Windows Agent
Nov 11 19:45:37 LAPTOP-THASAN wsl-pro-service[195]: DEBUG Updated systemd status to "Connecting"
Nov 11 19:45:37 LAPTOP-THASAN wsl-pro-service[195]: WARNING Daemon: could not connect to Windows Agent: could not get address: could not read agent port file "/mnt/c/Users/thasa/.ubuntupro/.address": open /mnt/c/Users/thasa/.ubuntupro/.address: no such file or directory
Nov 11 19:45:37 LAPTOP-THASAN wsl-pro-service[195]: INFO Reconnecting to Windows host in 60 seconds
Nov 11 19:45:37 LAPTOP-THASAN wsl-pro-service[195]: DEBUG Updated systemd status to "Not connected: waiting to retry"
Nov 11 19:45:43 LAPTOP-THASAN systemd-resolved[104]: Clock change detected. Flushing caches.
Nov 11 20:32:55 LAPTOP-THASAN systemd-resolved[104]: Clock change detected. Flushing caches.
Nov 11 20:32:55 LAPTOP-THASAN kernel: hv_utils: TimeSync IC version 4.0
Nov 12 05:25:37 LAPTOP-THASAN systemd-resolved[104]: Clock change detected. Flushing caches.
Nov 12 05:25:37 LAPTOP-THASAN systemd[1]: apt-daily.service - Daily apt download activities was skipped because of an unmet condition check (ConditionACPower=true).
Nov 12 05:25:37 LAPTOP-THASAN systemd[1]: Starting dpkg-db-backup.service - Daily dpkg database backup service...
Nov 12 05:25:37 LAPTOP-THASAN systemd[1]: logrotate.service - Rotate log files was skipped because of an unmet condition check (ConditionACPower=true).
Nov 12 05:25:37 LAPTOP-THASAN systemd[1]: dpkg-db-backup.service: Deactivated successfully.
Nov 12 05:25:37 LAPTOP-THASAN systemd[1]: Finished dpkg-db-backup.service - Daily dpkg database backup service.
Nov 12 12:53:51 LAPTOP-THASAN systemd-resolved[104]: Clock change detected. Flushing caches.
Nov 12 12:53:51 LAPTOP-THASAN systemd[1]: apt-daily-upgrade.service - Daily apt upgrade and clean activities was skipped because of an unmet condition check (ConditionACPower=true).
Nov 12 12:53:52 LAPTOP-THASAN kernel: hv_utils: TimeSync IC version 4.0
Nov 12 12:53:52 LAPTOP-THASAN systemd-resolved[104]: Clock change detected. Flushing caches.
Nov 12 12:53:52 LAPTOP-THASAN systemd[1]: Starting motd-news.service - Message of the Day...
Nov 12 12:53:53 LAPTOP-THASAN systemd[1]: man-db.service - Daily man-db regeneration was skipped because of an unmet condition check (ConditionACPower=true).
Nov 12 12:53:57 LAPTOP-THASAN wsl-pro-service[195]: INFO Daemon: connecting to Windows Agent
Nov 12 12:53:57 LAPTOP-THASAN wsl-pro-service[195]: DEBUG Updated systemd status to "Connecting"
Nov 12 12:53:57 LAPTOP-THASAN wsl-pro-service[195]: WARNING Daemon: could not connect to Windows Agent: could not get address: could not read agent port file "/mnt/c/Users/thasa/.ubuntupro/.address": open /mnt/c/Users/thasa/.ubuntupro/.address: no such file or directory
Nov 12 12:53:57 LAPTOP-THASAN wsl-pro-service[195]: INFO Reconnecting to Windows host in 60 seconds
Nov 12 12:53:57 LAPTOP-THASAN wsl-pro-service[195]: DEBUG Updated systemd status to "Not connected: waiting to retry"
Nov 12 12:54:02 LAPTOP-THASAN systemd-timesyncd[114]: Timed out waiting for reply from 91.189.91.157:123 (ntp.ubuntu.com).
Nov 12 12:54:04 LAPTOP-THASAN systemd[1]: motd-news.service: Deactivated successfully.
Nov 12 12:54:04 LAPTOP-THASAN systemd[1]: Finished motd-news.service - Message of the Day.
Nov 12 12:54:04 LAPTOP-THASAN systemd[1]: motd-news.service: Consumed 1.478s CPU time.
Nov 12 12:54:13 LAPTOP-THASAN systemd-timesyncd[114]: Timed out waiting for reply from 185.125.190.56:123 (ntp.ubuntu.com).
Nov 12 12:54:23 LAPTOP-THASAN systemd-timesyncd[114]: Timed out waiting for reply from 185.125.190.57:123 (ntp.ubuntu.com).
Nov 12 12:54:21 LAPTOP-THASAN systemd-resolved[104]: Clock change detected. Flushing caches.
Nov 12 12:54:21 LAPTOP-THASAN unknown: WSL (217) ERROR: CheckConnection: getaddrinfo() failed: -5
Nov 12 12:54:21 LAPTOP-THASAN systemd-journald[42]: Time jumped backwards, rotating.
Nov 12 12:54:21 LAPTOP-THASAN systemd-timesyncd[114]: Contacted time server 185.125.190.58:123 (ntp.ubuntu.com).
Nov 12 12:54:56 LAPTOP-THASAN wsl-pro-service[195]: INFO Daemon: connecting to Windows Agent
Nov 12 12:54:56 LAPTOP-THASAN wsl-pro-service[195]: DEBUG Updated systemd status to "Connecting"
Nov 12 12:54:56 LAPTOP-THASAN wsl-pro-service[195]: WARNING Daemon: could not connect to Windows Agent: could not get address: could not read agent port file "/mnt/c/Users/thasa/.ubuntupro/.address": open /mnt/c/Users/thasa/.ubuntupro/.address: no such file or directory
Nov 12 12:54:56 LAPTOP-THASAN wsl-pro-service[195]: INFO Reconnecting to Windows host in 60 seconds
Nov 12 12:54:56 LAPTOP-THASAN wsl-pro-service[195]: DEBUG Updated systemd status to "Not connected: waiting to retry"
Nov 12 12:55:27 LAPTOP-THASAN systemd-resolved[104]: Clock change detected. Flushing caches.
Nov 12 12:55:54 LAPTOP-THASAN wsl-pro-service[195]: INFO Daemon: connecting to Windows Agent
Nov 12 12:55:54 LAPTOP-THASAN wsl-pro-service[195]: DEBUG Updated systemd status to "Connecting"
Nov 12 12:55:54 LAPTOP-THASAN wsl-pro-service[195]: WARNING Daemon: could not connect to Windows Agent: could not get address: could not read agent port file "/mnt/c/Users/thasa/.ubuntupro/.address": open /mnt/c/Users/thasa/.ubuntupro/.address: no such file or directory
Nov 12 12:55:54 LAPTOP-THASAN wsl-pro-service[195]: INFO Reconnecting to Windows host in 60 seconds
Nov 12 12:55:54 LAPTOP-THASAN wsl-pro-service[195]: DEBUG Updated systemd status to "Not connected: waiting to retry"
Nov 12 12:55:57 LAPTOP-THASAN systemd-resolved[104]: Clock change detected. Flushing caches.
Nov 12 12:56:28 LAPTOP-THASAN systemd-resolved[104]: Clock change detected. Flushing caches.
Nov 12 12:56:51 LAPTOP-THASAN wsl-pro-service[195]: INFO Daemon: connecting to Windows Agent
Nov 12 12:56:51 LAPTOP-THASAN wsl-pro-service[195]: DEBUG Updated systemd status to "Connecting"
Nov 12 12:56:51 LAPTOP-THASAN wsl-pro-service[195]: WARNING Daemon: could not connect to Windows Agent: could not get address: could not read agent port file "/mnt/c/Users/thasa/.ubuntupro/.address": open /mnt/c/Users/thasa/.ubuntupro/.address: no such file or directory
Nov 12 12:56:51 LAPTOP-THASAN wsl-pro-service[195]: INFO Reconnecting to Windows host in 60 seconds
Nov 12 12:56:51 LAPTOP-THASAN wsl-pro-service[195]: DEBUG Updated systemd status to "Not connected: waiting to retry"
Nov 12 12:56:59 LAPTOP-THASAN systemd-resolved[104]: Clock change detected. Flushing caches.
Nov 12 12:56:59 LAPTOP-THASAN systemd[1]: apt-daily.service - Daily apt download activities was skipped because of an unmet condition check (ConditionACPower=true).
Nov 12 12:57:29 LAPTOP-THASAN systemd-resolved[104]: Clock change detected. Flushing caches.
Nov 12 12:57:48 LAPTOP-THASAN wsl-pro-service[195]: INFO Daemon: connecting to Windows Agent
Nov 12 12:57:48 LAPTOP-THASAN wsl-pro-service[195]: DEBUG Updated systemd status to "Connecting"
Nov 12 12:57:48 LAPTOP-THASAN wsl-pro-service[195]: WARNING Daemon: could not connect to Windows Agent: could not get address: could not read agent port file "/mnt/c/Users/thasa/.ubuntupro/.address": open /mnt/c/Users/thasa/.ubuntupro/.address: no such file or directory
Nov 12 12:57:48 LAPTOP-THASAN wsl-pro-service[195]: INFO Reconnecting to Windows host in 60 seconds
Nov 12 12:57:48 LAPTOP-THASAN wsl-pro-service[195]: DEBUG Updated systemd status to "Not connected: waiting to retry"
Nov 12 12:58:00 LAPTOP-THASAN systemd-resolved[104]: Clock change detected. Flushing caches.
Nov 12 12:58:31 LAPTOP-THASAN systemd-resolved[104]: Clock change detected. Flushing caches.
Nov 12 12:58:45 LAPTOP-THASAN wsl-pro-service[195]: INFO Daemon: connecting to Windows Agent
Nov 12 12:58:45 LAPTOP-THASAN wsl-pro-service[195]: DEBUG Updated systemd status to "Connecting"
Nov 12 12:58:45 LAPTOP-THASAN wsl-pro-service[195]: WARNING Daemon: could not connect to Windows Agent: could not get address: could not read agent port file "/mnt/c/Users/thasa/.ubuntupro/.address": open /mnt/c/Users/thasa/.ubuntupro/.address: no such file or directory
Nov 12 12:58:45 LAPTOP-THASAN wsl-pro-service[195]: INFO Reconnecting to Windows host in 60 seconds
Nov 12 12:58:45 LAPTOP-THASAN wsl-pro-service[195]: DEBUG Updated systemd status to "Not connected: waiting to retry"
Nov 12 12:59:01 LAPTOP-THASAN systemd-resolved[104]: Clock change detected. Flushing caches.
Nov 12 12:59:32 LAPTOP-THASAN systemd-resolved[104]: Clock change detected. Flushing caches.
Nov 12 12:59:42 LAPTOP-THASAN wsl-pro-service[195]: INFO Daemon: connecting to Windows Agent
Nov 12 12:59:42 LAPTOP-THASAN wsl-pro-service[195]: DEBUG Updated systemd status to "Connecting"
Nov 12 12:59:42 LAPTOP-THASAN wsl-pro-service[195]: WARNING Daemon: could not connect to Windows Agent: could not get address: could not read agent port file "/mnt/c/Users/thasa/.ubuntupro/.address": open /mnt/c/Users/thasa/.ubuntupro/.address: no such file or directory
Nov 12 12:59:42 LAPTOP-THASAN wsl-pro-service[195]: INFO Reconnecting to Windows host in 60 seconds
Nov 12 12:59:42 LAPTOP-THASAN wsl-pro-service[195]: DEBUG Updated systemd status to "Not connected: waiting to retry"
Nov 12 13:00:03 LAPTOP-THASAN systemd-resolved[104]: Clock change detected. Flushing caches.
Nov 12 13:00:33 LAPTOP-THASAN systemd-resolved[104]: Clock change detected. Flushing caches.
Nov 12 13:00:39 LAPTOP-THASAN wsl-pro-service[195]: INFO Daemon: connecting to Windows Agent
Nov 12 13:00:39 LAPTOP-THASAN wsl-pro-service[195]: DEBUG Updated systemd status to "Connecting"
Nov 12 13:00:39 LAPTOP-THASAN wsl-pro-service[195]: WARNING Daemon: could not connect to Windows Agent: could not get address: could not read agent port file "/mnt/c/Users/thasa/.ubuntupro/.address": open /mnt/c/Users/thasa/.ubuntupro/.address: no such file or directory
Nov 12 13:00:39 LAPTOP-THASAN wsl-pro-service[195]: INFO Reconnecting to Windows host in 60 seconds
Nov 12 13:00:39 LAPTOP-THASAN wsl-pro-service[195]: DEBUG Updated systemd status to "Not connected: waiting to retry"
Nov 12 13:01:04 LAPTOP-THASAN systemd-resolved[104]: Clock change detected. Flushing caches.
Nov 12 13:01:35 LAPTOP-THASAN systemd-resolved[104]: Clock change detected. Flushing caches.
